******************************************************************************
                  TI ARM Linker PC v20.2.5                     
******************************************************************************
>> Linked Fri Oct 22 12:22:00 2021

OUTPUT FILE NAME:   <FreeRTOS + TivaWare Template.out>
ENTRY POINT SYMBOL: "_c_int00_noargs"  address: 0000203d


MEMORY CONFIGURATION

         name            origin    length      used     unused   attr    fill
----------------------  --------  ---------  --------  --------  ----  --------
  FLASH                 00000000   00040000  00002116  0003deea  R  X
  SRAM                  20000000   00008000  00006398  00001c68  RW X


SEGMENT ALLOCATION MAP

run origin  load origin   length   init length attrs members
----------  ----------- ---------- ----------- ----- -------
00000000    00000000    00002118   00002118    r-x
  00000000    00000000    0000026c   0000026c    r-- .intvecs
  0000026c    0000026c    00001e6e   00001e6e    r-x .text
  000020dc    000020dc    00000004   00000004    r-- .const
  000020e0    000020e0    00000038   00000038    r-- .cinit
20000000    20000000    00006398   00000000    rw-
  20000000    20000000    00006190   00000000    rw- .data
  20006190    20006190    00000200   00000000    rw- .stack
  20006390    20006390    00000008   00000000    rw- .bss


SECTION ALLOCATION MAP

 output                                  attributes/
section   page    origin      length       input sections
--------  ----  ----------  ----------   ----------------
.intvecs   0    00000000    0000026c     
                  00000000    0000026c     tm4c123gh6pm_startup_ccs.obj (.intvecs)

.text      0    0000026c    00001e6e     
                  0000026c    00000dc0     tasks.obj (.text)
                  0000102c    00000724     queue.obj (.text)
                  00001750    000003cc     timers.obj (.text)
                  00001b1c    00000108     heap_2.obj (.text)
                  00001c24    000000e8     port.obj (.text)
                  00001d0c    000000da     portasm.obj (.text)
                  00001de6    0000009c     rtsv7M4_T_le_v4SPD16_eabi.lib : memcpy_t2.asm.obj (.text)
                  00001e82    00000092     list.obj (.text)
                  00001f14    0000007a     rtsv7M4_T_le_v4SPD16_eabi.lib : memset_t2.asm.obj (.text)
                  00001f8e    00000068                                   : copy_decompress_lzss.c.obj (.text:decompress:lzss:__TI_decompress_lzss)
                  00001ff6    00000002     --HOLE-- [fill = 0]
                  00001ff8    00000044                                   : autoinit.c.obj (.text:__TI_auto_init_nobinit_nopinit:__TI_auto_init_nobinit_nopinit)
                  0000203c    00000034                                   : boot_cortex_m.c.obj (.text:_c_int00_noargs:_c_int00_noargs)
                  00002070    0000002c     main.obj (.text)
                  0000209c    0000001c     rtsv7M4_T_le_v4SPD16_eabi.lib : copy_zero_init.c.obj (.text:decompress:ZI:__TI_zero_init_nomemset:__TI_zero_init_nomemset)
                  000020b8    0000000e                                   : copy_decompress_none.c.obj (.text:decompress:none:__TI_decompress_none)
                  000020c6    0000000c     tm4c123gh6pm_startup_ccs.obj (.text)
                  000020d2    00000004     rtsv7M4_T_le_v4SPD16_eabi.lib : pre_init.c.obj (.text:_system_pre_init)
                  000020d6    00000004                                   : exit.c.obj (.text:abort:abort)

.const     0    000020dc    00000004     
                  000020dc    00000004     port.obj (.const)

.cinit     0    000020e0    00000038     
                  000020e0    0000000e     (.cinit..data.load) [load image, compression = lzss]
                  000020ee    00000002     --HOLE-- [fill = 0]
                  000020f0    0000000c     (__TI_handler_table)
                  000020fc    00000004     --HOLE-- [fill = 0]
                  00002100    00000008     (.cinit..bss.load) [load image, compression = zero_init]
                  00002108    00000010     (__TI_cinit_table)

.init_array 
*          0    00000000    00000000     UNINITIALIZED

.data      0    20000000    00006190     UNINITIALIZED
                  20000000    00006018     heap_2.obj (.data:$O1$$)
                  20006018    0000010c     tasks.obj (.data:$O1$$)
                  20006124    0000003c     timers.obj (.data:$O1$$)
                  20006160    0000002c     tasks.obj (.data)
                  2000618c    00000004     port.obj (.data)

.bss       0    20006390    00000008     UNINITIALIZED
                  20006390    00000008     tasks.obj (.bss)

.stack     0    20006190    00000200     UNINITIALIZED
                  20006190    00000004     rtsv7M4_T_le_v4SPD16_eabi.lib : boot_cortex_m.c.obj (.stack)
                  20006194    000001fc     --HOLE--

__llvm_prf_cnts 
*          0    20000000    00000000     UNINITIALIZED

MODULE SUMMARY

       Module                         code   ro data   rw data
       ------                         ----   -------   -------
    .\
       tm4c123gh6pm_startup_ccs.obj   12     620       0      
    +--+------------------------------+------+---------+---------+
       Total:                         12     620       0      
                                                              
    .\FreeRTOS\
       tasks.obj                      3520   0         320    
       queue.obj                      1828   0         0      
       timers.obj                     972    0         60     
       list.obj                       146    0         0      
    +--+------------------------------+------+---------+---------+
       Total:                         6466   0         380    
                                                              
    .\FreeRTOS\portable\CCS\ARM_CM4F\
       port.obj                       232    4         4      
       portasm.obj                    218    0         0      
    +--+------------------------------+------+---------+---------+
       Total:                         450    4         4      
                                                              
    .\FreeRTOS\portable\MemMang\
       heap_2.obj                     264    0         24600  
    +--+------------------------------+------+---------+---------+
       Total:                         264    0         24600  
                                                              
    .\Template Files\src\
       main.obj                       44     0         0      
    +--+------------------------------+------+---------+---------+
       Total:                         44     0         0      
                                                              
    C:\ti\ccs1040\ccs\tools\compiler\ti-cgt-arm_20.2.5.LTS\lib\rtsv7M4_T_le_v4SPD16_eabi.lib
       memcpy_t2.asm.obj              156    0         0      
       memset_t2.asm.obj              122    0         0      
       copy_decompress_lzss.c.obj     104    0         0      
       autoinit.c.obj                 68     0         0      
       boot_cortex_m.c.obj            52     0         0      
       copy_zero_init.c.obj           28     0         0      
       copy_decompress_none.c.obj     14     0         0      
       exit.c.obj                     4      0         0      
       pre_init.c.obj                 4      0         0      
    +--+------------------------------+------+---------+---------+
       Total:                         552    0         0      
                                                              
       Stack:                         0      0         512    
       Linker Generated:              0      50        0      
    +--+------------------------------+------+---------+---------+
       Grand Total:                   7788   674       25496  


LINKER GENERATED COPY TABLES

__TI_cinit_table @ 00002108 records: 2, size/record: 8, table size: 16
	.data: load addr=000020e0, load size=0000000e bytes, run addr=20000000, run size=00006190 bytes, compression=lzss
	.bss: load addr=00002100, load size=00000008 bytes, run addr=20006390, run size=00000008 bytes, compression=zero_init


LINKER GENERATED HANDLER TABLE

__TI_handler_table @ 000020f0 records: 3, size/record: 4, table size: 12
	index: 0, handler: __TI_decompress_lzss
	index: 1, handler: __TI_decompress_none
	index: 2, handler: __TI_zero_init


GLOBAL SYMBOLS: SORTED ALPHABETICALLY BY Name 

address   name                              
-------   ----                              
000020d7  C$$EXIT                           
000020c7  ResetISR                          
20006390  __STACK_END                       
00000200  __STACK_SIZE                      
20006390  __STACK_TOP                       
00002108  __TI_CINIT_Base                   
00002118  __TI_CINIT_Limit                  
000020f0  __TI_Handler_Table_Base           
000020fc  __TI_Handler_Table_Limit          
00001ff9  __TI_auto_init_nobinit_nopinit    
00001f8f  __TI_decompress_lzss              
000020b9  __TI_decompress_none              
ffffffff  __TI_pprof_out_hndl               
ffffffff  __TI_prof_data_size               
ffffffff  __TI_prof_data_start              
00000000  __TI_static_base__                
0000209d  __TI_zero_init_nomemset           
00001f15  __aeabi_memclr                    
00001f15  __aeabi_memclr4                   
00001f15  __aeabi_memclr8                   
00001de7  __aeabi_memcpy                    
00001de7  __aeabi_memcpy4                   
00001de7  __aeabi_memcpy8                   
00001f17  __aeabi_memset                    
00001f17  __aeabi_memset4                   
00001f17  __aeabi_memset8                   
ffffffff  __binit__                         
ffffffff  __c_args__                        
UNDEFED   __mpu_init                        
20006190  __stack                           
20000000  __start___llvm_prf_cnts           
20000000  __stop___llvm_prf_cnts            
0000203d  _c_int00_noargs                   
UNDEFED   _system_post_cinit                
000020d3  _system_pre_init                  
000020d7  abort                             
ffffffff  binit                             
00000000  g_pfnVectors                      
00002071  main                              
00001de7  memcpy                            
00001f1d  memset                            
00000fff  pcTaskGetName                     
00001b05  pcTimerGetName                    
00001b63  pvPortMalloc                      
00000f8f  pvTaskGetThreadLocalStoragePointer
000018a1  pvTimerGetTimerID                 
20006160  pxCurrentTCB                      
00001cc1  pxPortInitialiseStack             
000020dc  ulMaxSyscallInterruptPriority     
00001d1d  ulPortGetIPSR                     
00000f33  ulTaskNotifyTake                  
00001eef  uxListRemove                      
00001739  uxQueueMessagesWaiting            
00001735  uxQueueMessagesWaitingFromISR     
0000171f  uxQueueSpacesAvailable            
00000f2d  uxTaskGetNumberOfTasks            
00000f11  uxTaskGetStackHighWaterMark       
00000ef3  uxTaskPriorityGet                 
00000ed3  uxTaskPriorityGetFromISR          
00000ebf  uxTaskResetEventItemValue         
00001ed9  vListInitialise                   
00001ed3  vListInitialiseItem               
00001e9b  vListInsert                       
00001e83  vListInsertEnd                    
00001dd9  vPortEnableVFP                    
00001cbf  vPortEndScheduler                 
00001ca7  vPortEnterCritical                
00001c95  vPortExitCritical                 
00001b25  vPortFree                         
00001b23  vPortInitialiseBlocks             
00001d95  vPortSVCHandler                   
00001c4b  vPortSetupTimerInterrupt          
00001db5  vPortStartFirstTask               
0000171b  vQueueDelete                      
000016d3  vQueueWaitForMessageRestricted    
00000e95  vTaskDelay                        
00000e35  vTaskDelayUntil                   
00000dbd  vTaskDelete                       
00000d81  vTaskEndScheduler                 
00000971  vTaskInternalSetTimeOutState      
00000d73  vTaskMissedYield                  
00000cf5  vTaskNotifyGiveFromISR            
00000cd5  vTaskPlaceOnEventList             
00000cb1  vTaskPlaceOnEventListRestricted   
00000c91  vTaskPlaceOnUnorderedEventList    
00000bfd  vTaskPrioritySet                  
00000baf  vTaskRemoveFromUnorderedEventList 
00000b51  vTaskResume                       
00000b31  vTaskSetThreadLocalStoragePointer 
00000b17  vTaskSetTimeOutState              
00000ac5  vTaskStartScheduler               
00000a3d  vTaskSuspend                      
00000a2d  vTaskSuspendAll                   
000009d5  vTaskSwitchContext                
00001879  vTimerSetReloadMode               
00001867  vTimerSetTimerID                  
00001b1d  xPortGetFreeHeapSize              
00001d35  xPortPendSVHandler                
00001c5d  xPortStartScheduler               
00001c25  xPortSysTickHandler               
000016a3  xQueueGenericCreate               
00001631  xQueueGenericReset                
00001535  xQueueGenericSend                 
000014d7  xQueueGenericSendFromISR          
0000142f  xQueueGiveFromISR                 
00001423  xQueueIsQueueEmptyFromISR         
00001415  xQueueIsQueueFullFromISR          
00001327  xQueuePeek                        
000012f5  xQueuePeekFromISR                 
00001205  xQueueReceive                     
000011a9  xQueueReceiveFromISR              
000010a5  xQueueSemaphoreTake               
00000989  xTaskCheckForTimeOut              
00000895  xTaskCreate                       
00000719  xTaskGenericNotify                
00000669  xTaskGenericNotifyFromISR         
0000064d  xTaskGetCurrentTaskHandle         
00000635  xTaskGetSchedulerState            
00000627  xTaskGetTickCount                 
00000621  xTaskGetTickCountFromISR          
0000031b  xTaskIncrementTick                
000005f5  xTaskNotifyStateClear             
00000565  xTaskNotifyWait                   
000004a9  xTaskRemoveFromEventList          
000003eb  xTaskResumeAll                    
0000028d  xTaskResumeFromISR                
0000181f  xTimerCreate                      
000017f3  xTimerCreateTimerTask             
0000177b  xTimerGenericCommand              
00001777  xTimerGetExpiryTime               
00001773  xTimerGetPeriod                   
0000176d  xTimerGetTimerDaemonTaskHandle    
00001751  xTimerIsTimerActive               


GLOBAL SYMBOLS: SORTED BY Symbol Address 

address   name                              
-------   ----                              
00000000  __TI_static_base__                
00000000  g_pfnVectors                      
00000200  __STACK_SIZE                      
0000028d  xTaskResumeFromISR                
0000031b  xTaskIncrementTick                
000003eb  xTaskResumeAll                    
000004a9  xTaskRemoveFromEventList          
00000565  xTaskNotifyWait                   
000005f5  xTaskNotifyStateClear             
00000621  xTaskGetTickCountFromISR          
00000627  xTaskGetTickCount                 
00000635  xTaskGetSchedulerState            
0000064d  xTaskGetCurrentTaskHandle         
00000669  xTaskGenericNotifyFromISR         
00000719  xTaskGenericNotify                
00000895  xTaskCreate                       
00000971  vTaskInternalSetTimeOutState      
00000989  xTaskCheckForTimeOut              
000009d5  vTaskSwitchContext                
00000a2d  vTaskSuspendAll                   
00000a3d  vTaskSuspend                      
00000ac5  vTaskStartScheduler               
00000b17  vTaskSetTimeOutState              
00000b31  vTaskSetThreadLocalStoragePointer 
00000b51  vTaskResume                       
00000baf  vTaskRemoveFromUnorderedEventList 
00000bfd  vTaskPrioritySet                  
00000c91  vTaskPlaceOnUnorderedEventList    
00000cb1  vTaskPlaceOnEventListRestricted   
00000cd5  vTaskPlaceOnEventList             
00000cf5  vTaskNotifyGiveFromISR            
00000d73  vTaskMissedYield                  
00000d81  vTaskEndScheduler                 
00000dbd  vTaskDelete                       
00000e35  vTaskDelayUntil                   
00000e95  vTaskDelay                        
00000ebf  uxTaskResetEventItemValue         
00000ed3  uxTaskPriorityGetFromISR          
00000ef3  uxTaskPriorityGet                 
00000f11  uxTaskGetStackHighWaterMark       
00000f2d  uxTaskGetNumberOfTasks            
00000f33  ulTaskNotifyTake                  
00000f8f  pvTaskGetThreadLocalStoragePointer
00000fff  pcTaskGetName                     
000010a5  xQueueSemaphoreTake               
000011a9  xQueueReceiveFromISR              
00001205  xQueueReceive                     
000012f5  xQueuePeekFromISR                 
00001327  xQueuePeek                        
00001415  xQueueIsQueueFullFromISR          
00001423  xQueueIsQueueEmptyFromISR         
0000142f  xQueueGiveFromISR                 
000014d7  xQueueGenericSendFromISR          
00001535  xQueueGenericSend                 
00001631  xQueueGenericReset                
000016a3  xQueueGenericCreate               
000016d3  vQueueWaitForMessageRestricted    
0000171b  vQueueDelete                      
0000171f  uxQueueSpacesAvailable            
00001735  uxQueueMessagesWaitingFromISR     
00001739  uxQueueMessagesWaiting            
00001751  xTimerIsTimerActive               
0000176d  xTimerGetTimerDaemonTaskHandle    
00001773  xTimerGetPeriod                   
00001777  xTimerGetExpiryTime               
0000177b  xTimerGenericCommand              
000017f3  xTimerCreateTimerTask             
0000181f  xTimerCreate                      
00001867  vTimerSetTimerID                  
00001879  vTimerSetReloadMode               
000018a1  pvTimerGetTimerID                 
00001b05  pcTimerGetName                    
00001b1d  xPortGetFreeHeapSize              
00001b23  vPortInitialiseBlocks             
00001b25  vPortFree                         
00001b63  pvPortMalloc                      
00001c25  xPortSysTickHandler               
00001c4b  vPortSetupTimerInterrupt          
00001c5d  xPortStartScheduler               
00001c95  vPortExitCritical                 
00001ca7  vPortEnterCritical                
00001cbf  vPortEndScheduler                 
00001cc1  pxPortInitialiseStack             
00001d1d  ulPortGetIPSR                     
00001d35  xPortPendSVHandler                
00001d95  vPortSVCHandler                   
00001db5  vPortStartFirstTask               
00001dd9  vPortEnableVFP                    
00001de7  __aeabi_memcpy                    
00001de7  __aeabi_memcpy4                   
00001de7  __aeabi_memcpy8                   
00001de7  memcpy                            
00001e83  vListInsertEnd                    
00001e9b  vListInsert                       
00001ed3  vListInitialiseItem               
00001ed9  vListInitialise                   
00001eef  uxListRemove                      
00001f15  __aeabi_memclr                    
00001f15  __aeabi_memclr4                   
00001f15  __aeabi_memclr8                   
00001f17  __aeabi_memset                    
00001f17  __aeabi_memset4                   
00001f17  __aeabi_memset8                   
00001f1d  memset                            
00001f8f  __TI_decompress_lzss              
00001ff9  __TI_auto_init_nobinit_nopinit    
0000203d  _c_int00_noargs                   
00002071  main                              
0000209d  __TI_zero_init_nomemset           
000020b9  __TI_decompress_none              
000020c7  ResetISR                          
000020d3  _system_pre_init                  
000020d7  C$$EXIT                           
000020d7  abort                             
000020dc  ulMaxSyscallInterruptPriority     
000020f0  __TI_Handler_Table_Base           
000020fc  __TI_Handler_Table_Limit          
00002108  __TI_CINIT_Base                   
00002118  __TI_CINIT_Limit                  
20000000  __start___llvm_prf_cnts           
20000000  __stop___llvm_prf_cnts            
20006160  pxCurrentTCB                      
20006190  __stack                           
20006390  __STACK_END                       
20006390  __STACK_TOP                       
ffffffff  __TI_pprof_out_hndl               
ffffffff  __TI_prof_data_size               
ffffffff  __TI_prof_data_start              
ffffffff  __binit__                         
ffffffff  __c_args__                        
ffffffff  binit                             
UNDEFED   __mpu_init                        
UNDEFED   _system_post_cinit                

[133 symbols]
