<?xml version="1.0" encoding="ISO-8859-1" ?>
<link_info>
   <banner>TI ARM Linker PC v20.2.5.LTS</banner>
   <copyright>Copyright (c) 1996-2018 Texas Instruments Incorporated</copyright>
   <link_time>0x617290c8</link_time>
   <link_errors>0x0</link_errors>
   <output_file>FreeRTOS + TivaWare Template.out</output_file>
   <entry_point>
      <name>_c_int00_noargs</name>
      <address>0x203d</address>
   </entry_point>
   <input_file_list>
      <input_file id="fl-2">
         <path>.\</path>
         <kind>object</kind>
         <file>tm4c123gh6pm_startup_ccs.obj</file>
         <name>tm4c123gh6pm_startup_ccs.obj</name>
      </input_file>
      <input_file id="fl-3">
         <path>.\FreeRTOS\</path>
         <kind>object</kind>
         <file>croutine.obj</file>
         <name>croutine.obj</name>
      </input_file>
      <input_file id="fl-4">
         <path>.\FreeRTOS\</path>
         <kind>object</kind>
         <file>event_groups.obj</file>
         <name>event_groups.obj</name>
      </input_file>
      <input_file id="fl-5">
         <path>.\FreeRTOS\</path>
         <kind>object</kind>
         <file>list.obj</file>
         <name>list.obj</name>
      </input_file>
      <input_file id="fl-6">
         <path>.\FreeRTOS\</path>
         <kind>object</kind>
         <file>queue.obj</file>
         <name>queue.obj</name>
      </input_file>
      <input_file id="fl-7">
         <path>.\FreeRTOS\</path>
         <kind>object</kind>
         <file>stream_buffer.obj</file>
         <name>stream_buffer.obj</name>
      </input_file>
      <input_file id="fl-8">
         <path>.\FreeRTOS\</path>
         <kind>object</kind>
         <file>tasks.obj</file>
         <name>tasks.obj</name>
      </input_file>
      <input_file id="fl-9">
         <path>.\FreeRTOS\</path>
         <kind>object</kind>
         <file>timers.obj</file>
         <name>timers.obj</name>
      </input_file>
      <input_file id="fl-a">
         <path>.\FreeRTOS\portable\CCS\ARM_CM4F\</path>
         <kind>object</kind>
         <file>port.obj</file>
         <name>port.obj</name>
      </input_file>
      <input_file id="fl-b">
         <path>.\FreeRTOS\portable\CCS\ARM_CM4F\</path>
         <kind>object</kind>
         <file>portasm.obj</file>
         <name>portasm.obj</name>
      </input_file>
      <input_file id="fl-c">
         <path>.\FreeRTOS\portable\MemMang\</path>
         <kind>object</kind>
         <file>heap_2.obj</file>
         <name>heap_2.obj</name>
      </input_file>
      <input_file id="fl-d">
         <path>.\Template Files\src\</path>
         <kind>object</kind>
         <file>debug.obj</file>
         <name>debug.obj</name>
      </input_file>
      <input_file id="fl-e">
         <path>.\Template Files\src\</path>
         <kind>object</kind>
         <file>main.obj</file>
         <name>main.obj</name>
      </input_file>
      <input_file id="fl-f">
         <path>.\TivaWARE\driverlib\</path>
         <kind>object</kind>
         <file>cpu.obj</file>
         <name>cpu.obj</name>
      </input_file>
      <input_file id="fl-10">
         <path>.\TivaWARE\driverlib\</path>
         <kind>object</kind>
         <file>fpu.obj</file>
         <name>fpu.obj</name>
      </input_file>
      <input_file id="fl-11">
         <path>.\TivaWARE\driverlib\</path>
         <kind>object</kind>
         <file>gpio.obj</file>
         <name>gpio.obj</name>
      </input_file>
      <input_file id="fl-12">
         <path>.\TivaWARE\driverlib\</path>
         <kind>object</kind>
         <file>interrupt.obj</file>
         <name>interrupt.obj</name>
      </input_file>
      <input_file id="fl-13">
         <path>.\TivaWARE\driverlib\</path>
         <kind>object</kind>
         <file>sysctl.obj</file>
         <name>sysctl.obj</name>
      </input_file>
      <input_file id="fl-14">
         <path>.\TivaWARE\driverlib\</path>
         <kind>object</kind>
         <file>systick.obj</file>
         <name>systick.obj</name>
      </input_file>
      <input_file id="fl-15">
         <path>.\TivaWARE\driverlib\</path>
         <kind>object</kind>
         <file>uart.obj</file>
         <name>uart.obj</name>
      </input_file>
      <input_file id="fl-16">
         <path>.\TivaWARE\driverlib\</path>
         <kind>object</kind>
         <file>udma.obj</file>
         <name>udma.obj</name>
      </input_file>
      <input_file id="fl-17">
         <path>.\TivaWARE\driverlib\</path>
         <kind>object</kind>
         <file>usb.obj</file>
         <name>usb.obj</name>
      </input_file>
      <input_file id="fl-18">
         <path>.\TivaWARE\usblib\device\</path>
         <kind>object</kind>
         <file>usbdcdc.obj</file>
         <name>usbdcdc.obj</name>
      </input_file>
      <input_file id="fl-19">
         <path>.\TivaWARE\usblib\device\</path>
         <kind>object</kind>
         <file>usbdcdesc.obj</file>
         <name>usbdcdesc.obj</name>
      </input_file>
      <input_file id="fl-1a">
         <path>.\TivaWARE\usblib\device\</path>
         <kind>object</kind>
         <file>usbdcomp.obj</file>
         <name>usbdcomp.obj</name>
      </input_file>
      <input_file id="fl-1b">
         <path>.\TivaWARE\usblib\device\</path>
         <kind>object</kind>
         <file>usbdhandler.obj</file>
         <name>usbdhandler.obj</name>
      </input_file>
      <input_file id="fl-1c">
         <path>.\TivaWARE\utils\</path>
         <kind>object</kind>
         <file>ustdlib.obj</file>
         <name>ustdlib.obj</name>
      </input_file>
      <input_file id="fl-21">
         <kind>object</kind>
         <file>&lt;internal&gt;</file>
         <name>&lt;internal&gt;</name>
      </input_file>
      <input_file id="fl-22">
         <path>..\TivaWARE\usblib\ccs\Debug\</path>
         <kind>archive</kind>
         <file>usblib.lib</file>
         <name>usbdesc.obj</name>
      </input_file>
      <input_file id="fl-23">
         <path>..\TivaWARE\usblib\ccs\Debug\</path>
         <kind>archive</kind>
         <file>usblib.lib</file>
         <name>usbtick.obj</name>
      </input_file>
      <input_file id="fl-24">
         <path>..\TivaWARE\usblib\ccs\Debug\</path>
         <kind>archive</kind>
         <file>usblib.lib</file>
         <name>usbdenum.obj</name>
      </input_file>
      <input_file id="fl-25">
         <path>..\TivaWARE\usblib\ccs\Debug\</path>
         <kind>archive</kind>
         <file>usblib.lib</file>
         <name>usbdma.obj</name>
      </input_file>
      <input_file id="fl-26">
         <path>..\TivaWARE\usblib\ccs\Debug\</path>
         <kind>archive</kind>
         <file>usblib.lib</file>
         <name>usbmode.obj</name>
      </input_file>
      <input_file id="fl-27">
         <path>..\TivaWARE\usblib\ccs\Debug\</path>
         <kind>archive</kind>
         <file>usblib.lib</file>
         <name>usbulpi.obj</name>
      </input_file>
      <input_file id="fl-28">
         <path>..\TivaWARE\usblib\ccs\Debug\</path>
         <kind>archive</kind>
         <file>usblib.lib</file>
         <name>usbhostenum.obj</name>
      </input_file>
      <input_file id="fl-29">
         <path>..\TivaWARE\usblib\ccs\Debug\</path>
         <kind>archive</kind>
         <file>usblib.lib</file>
         <name>usbdconfig.obj</name>
      </input_file>
      <input_file id="fl-2a">
         <path>..\TivaWARE\usblib\ccs\Debug\</path>
         <kind>archive</kind>
         <file>usblib.lib</file>
         <name>usbhhub.obj</name>
      </input_file>
      <input_file id="fl-e0">
         <path>C:\ti\ccs1040\ccs\tools\compiler\ti-cgt-arm_20.2.5.LTS\lib\</path>
         <kind>archive</kind>
         <file>rtsv7M4_T_le_v4SPD16_eabi.lib</file>
         <name>memcpy_t2.asm.obj</name>
      </input_file>
      <input_file id="fl-e1">
         <path>C:\ti\ccs1040\ccs\tools\compiler\ti-cgt-arm_20.2.5.LTS\lib\</path>
         <kind>archive</kind>
         <file>rtsv7M4_T_le_v4SPD16_eabi.lib</file>
         <name>u_divt2.asm.obj</name>
      </input_file>
      <input_file id="fl-e2">
         <path>C:\ti\ccs1040\ccs\tools\compiler\ti-cgt-arm_20.2.5.LTS\lib\</path>
         <kind>archive</kind>
         <file>rtsv7M4_T_le_v4SPD16_eabi.lib</file>
         <name>memset_t2.asm.obj</name>
      </input_file>
      <input_file id="fl-e3">
         <path>C:\ti\ccs1040\ccs\tools\compiler\ti-cgt-arm_20.2.5.LTS\lib\</path>
         <kind>archive</kind>
         <file>rtsv7M4_T_le_v4SPD16_eabi.lib</file>
         <name>copy_zero_init.c.obj</name>
      </input_file>
      <input_file id="fl-e4">
         <path>C:\ti\ccs1040\ccs\tools\compiler\ti-cgt-arm_20.2.5.LTS\lib\</path>
         <kind>archive</kind>
         <file>rtsv7M4_T_le_v4SPD16_eabi.lib</file>
         <name>copy_decompress_none.c.obj</name>
      </input_file>
      <input_file id="fl-e5">
         <path>C:\ti\ccs1040\ccs\tools\compiler\ti-cgt-arm_20.2.5.LTS\lib\</path>
         <kind>archive</kind>
         <file>rtsv7M4_T_le_v4SPD16_eabi.lib</file>
         <name>copy_decompress_lzss.c.obj</name>
      </input_file>
      <input_file id="fl-e6">
         <path>C:\ti\ccs1040\ccs\tools\compiler\ti-cgt-arm_20.2.5.LTS\lib\</path>
         <kind>archive</kind>
         <file>rtsv7M4_T_le_v4SPD16_eabi.lib</file>
         <name>boot_cortex_m.c.obj</name>
      </input_file>
      <input_file id="fl-e7">
         <path>C:\ti\ccs1040\ccs\tools\compiler\ti-cgt-arm_20.2.5.LTS\lib\</path>
         <kind>archive</kind>
         <file>rtsv7M4_T_le_v4SPD16_eabi.lib</file>
         <name>div0.asm.obj</name>
      </input_file>
      <input_file id="fl-e8">
         <path>C:\ti\ccs1040\ccs\tools\compiler\ti-cgt-arm_20.2.5.LTS\lib\</path>
         <kind>archive</kind>
         <file>rtsv7M4_T_le_v4SPD16_eabi.lib</file>
         <name>autoinit.c.obj</name>
      </input_file>
      <input_file id="fl-e9">
         <path>C:\ti\ccs1040\ccs\tools\compiler\ti-cgt-arm_20.2.5.LTS\lib\</path>
         <kind>archive</kind>
         <file>rtsv7M4_T_le_v4SPD16_eabi.lib</file>
         <name>pre_init.c.obj</name>
      </input_file>
      <input_file id="fl-ea">
         <path>C:\ti\ccs1040\ccs\tools\compiler\ti-cgt-arm_20.2.5.LTS\lib\</path>
         <kind>archive</kind>
         <file>rtsv7M4_T_le_v4SPD16_eabi.lib</file>
         <name>cpy_tbl.c.obj</name>
      </input_file>
      <input_file id="fl-eb">
         <path>C:\ti\ccs1040\ccs\tools\compiler\ti-cgt-arm_20.2.5.LTS\lib\</path>
         <kind>archive</kind>
         <file>rtsv7M4_T_le_v4SPD16_eabi.lib</file>
         <name>exit.c.obj</name>
      </input_file>
      <input_file id="fl-ec">
         <path>C:\ti\ccs1040\ccs\tools\compiler\ti-cgt-arm_20.2.5.LTS\lib\</path>
         <kind>archive</kind>
         <file>rtsv7M4_T_le_v4SPD16_eabi.lib</file>
         <name>_lock.c.obj</name>
      </input_file>
      <input_file id="fl-ed">
         <path>C:\ti\ccs1040\ccs\tools\compiler\ti-cgt-arm_20.2.5.LTS\lib\</path>
         <kind>archive</kind>
         <file>rtsv7M4_T_le_v4SPD16_eabi.lib</file>
         <name>args_main.c.obj</name>
      </input_file>
   </input_file_list>
   <object_component_list>
      <object_component id="oc-12">
         <name>.intvecs</name>
         <load_address>0x0</load_address>
         <run_address>0x0</run_address>
         <size>0x26c</size>
         <input_file_ref idref="fl-2"/>
      </object_component>
      <object_component id="oc-7f">
         <name>.text</name>
         <load_address>0x26c</load_address>
         <run_address>0x26c</run_address>
         <size>0xdc0</size>
         <input_file_ref idref="fl-8"/>
      </object_component>
      <object_component id="oc-191">
         <name>.text</name>
         <load_address>0x102c</load_address>
         <run_address>0x102c</run_address>
         <size>0x724</size>
         <input_file_ref idref="fl-6"/>
      </object_component>
      <object_component id="oc-ec">
         <name>.text</name>
         <load_address>0x1750</load_address>
         <run_address>0x1750</run_address>
         <size>0x3cc</size>
         <input_file_ref idref="fl-9"/>
      </object_component>
      <object_component id="oc-e6">
         <name>.text</name>
         <load_address>0x1b1c</load_address>
         <run_address>0x1b1c</run_address>
         <size>0x108</size>
         <input_file_ref idref="fl-c"/>
      </object_component>
      <object_component id="oc-32">
         <name>.text</name>
         <load_address>0x1c24</load_address>
         <run_address>0x1c24</run_address>
         <size>0xe8</size>
         <input_file_ref idref="fl-a"/>
      </object_component>
      <object_component id="oc-2d">
         <name>.text</name>
         <load_address>0x1d0c</load_address>
         <run_address>0x1d0c</run_address>
         <size>0xda</size>
         <input_file_ref idref="fl-b"/>
      </object_component>
      <object_component id="oc-46">
         <name>.text</name>
         <load_address>0x1de6</load_address>
         <run_address>0x1de6</run_address>
         <size>0x9c</size>
         <input_file_ref idref="fl-e0"/>
      </object_component>
      <object_component id="oc-da">
         <name>.text</name>
         <load_address>0x1e82</load_address>
         <run_address>0x1e82</run_address>
         <size>0x92</size>
         <input_file_ref idref="fl-5"/>
      </object_component>
      <object_component id="oc-b6">
         <name>.text</name>
         <load_address>0x1f14</load_address>
         <run_address>0x1f14</run_address>
         <size>0x7a</size>
         <input_file_ref idref="fl-e2"/>
      </object_component>
      <object_component id="oc-15">
         <name>.text:decompress:lzss:__TI_decompress_lzss</name>
         <load_address>0x1f8e</load_address>
         <run_address>0x1f8e</run_address>
         <size>0x68</size>
         <input_file_ref idref="fl-e5"/>
      </object_component>
      <object_component id="oc-138">
         <name>.text:__TI_auto_init_nobinit_nopinit:__TI_auto_init_nobinit_nopinit</name>
         <load_address>0x1ff8</load_address>
         <run_address>0x1ff8</run_address>
         <size>0x44</size>
         <input_file_ref idref="fl-e8"/>
      </object_component>
      <object_component id="oc-64">
         <name>.text:_c_int00_noargs:_c_int00_noargs</name>
         <load_address>0x203c</load_address>
         <run_address>0x203c</run_address>
         <size>0x34</size>
         <input_file_ref idref="fl-e6"/>
      </object_component>
      <object_component id="oc-c2">
         <name>.text</name>
         <load_address>0x2070</load_address>
         <run_address>0x2070</run_address>
         <size>0x2c</size>
         <input_file_ref idref="fl-e"/>
      </object_component>
      <object_component id="oc-52">
         <name>.text:decompress:ZI:__TI_zero_init_nomemset:__TI_zero_init_nomemset</name>
         <load_address>0x209c</load_address>
         <run_address>0x209c</run_address>
         <size>0x1c</size>
         <input_file_ref idref="fl-e3"/>
      </object_component>
      <object_component id="oc-1b">
         <name>.text:decompress:none:__TI_decompress_none</name>
         <load_address>0x20b8</load_address>
         <run_address>0x20b8</run_address>
         <size>0xe</size>
         <input_file_ref idref="fl-e4"/>
      </object_component>
      <object_component id="oc-27">
         <name>.text</name>
         <load_address>0x20c6</load_address>
         <run_address>0x20c6</run_address>
         <size>0xc</size>
         <input_file_ref idref="fl-2"/>
      </object_component>
      <object_component id="oc-bc">
         <name>.text:_system_pre_init</name>
         <load_address>0x20d2</load_address>
         <run_address>0x20d2</run_address>
         <size>0x4</size>
         <input_file_ref idref="fl-e9"/>
      </object_component>
      <object_component id="oc-12c">
         <name>.text:abort:abort</name>
         <load_address>0x20d6</load_address>
         <run_address>0x20d6</run_address>
         <size>0x4</size>
         <input_file_ref idref="fl-eb"/>
      </object_component>
      <object_component id="oc-7c">
         <name>.const</name>
         <load_address>0x20dc</load_address>
         <run_address>0x20dc</run_address>
         <size>0x4</size>
         <input_file_ref idref="fl-a"/>
      </object_component>
      <object_component id="oc-258">
         <name>.cinit..data.load</name>
         <load_address>0x20e0</load_address>
         <run_address>0x20e0</run_address>
         <size>0xe</size>
      </object_component>
      <object_component id="oc-256">
         <name>__TI_handler_table</name>
         <load_address>0x20f0</load_address>
         <run_address>0x20f0</run_address>
         <size>0xc</size>
      </object_component>
      <object_component id="oc-259">
         <name>.cinit..bss.load</name>
         <load_address>0x2100</load_address>
         <run_address>0x2100</run_address>
         <size>0x8</size>
      </object_component>
      <object_component id="oc-257">
         <name>__TI_cinit_table</name>
         <load_address>0x2108</load_address>
         <run_address>0x2108</run_address>
         <size>0x10</size>
      </object_component>
      <object_component id="oc-79">
         <name>.data</name>
         <load_address>0x20006160</load_address>
         <run_address>0x20006160</run_address>
         <size>0x2c</size>
         <input_file_ref idref="fl-8"/>
      </object_component>
      <object_component id="oc-e0">
         <name>.data:$O1$$</name>
         <load_address>0x20006018</load_address>
         <run_address>0x20006018</run_address>
         <size>0x10c</size>
         <input_file_ref idref="fl-8"/>
      </object_component>
      <object_component id="oc-197">
         <name>.data:$O1$$</name>
         <load_address>0x20006124</load_address>
         <run_address>0x20006124</run_address>
         <size>0x3c</size>
         <input_file_ref idref="fl-9"/>
      </object_component>
      <object_component id="oc-86">
         <name>.data</name>
         <load_address>0x2000618c</load_address>
         <run_address>0x2000618c</run_address>
         <size>0x4</size>
         <input_file_ref idref="fl-a"/>
      </object_component>
      <object_component id="oc-18b">
         <name>.data:$O1$$</name>
         <load_address>0x20000000</load_address>
         <run_address>0x20000000</run_address>
         <size>0x6018</size>
         <input_file_ref idref="fl-c"/>
      </object_component>
      <object_component id="oc-e3">
         <name>.bss</name>
         <uninitialized>true</uninitialized>
         <run_address>0x20006390</run_address>
         <size>0x8</size>
         <input_file_ref idref="fl-8"/>
      </object_component>
      <object_component id="oc-24">
         <name>.stack</name>
         <uninitialized>true</uninitialized>
         <run_address>0x20006190</run_address>
         <size>0x4</size>
         <input_file_ref idref="fl-e6"/>
      </object_component>
      <object_component id="oc-25b">
         <name>.stack</name>
         <uninitialized>true</uninitialized>
         <run_address>0x20006190</run_address>
         <size>0x0</size>
      </object_component>
      <object_component id="oc-3a">
         <name>.debug_info</name>
         <load_address>0x0</load_address>
         <run_address>0x0</run_address>
         <size>0x220</size>
         <input_file_ref idref="fl-2"/>
      </object_component>
      <object_component id="oc-13">
         <name>.debug_info</name>
         <load_address>0x220</load_address>
         <run_address>0x220</run_address>
         <size>0x10d</size>
         <input_file_ref idref="fl-2"/>
      </object_component>
      <object_component id="oc-28">
         <name>.debug_info</name>
         <load_address>0x32d</load_address>
         <run_address>0x32d</run_address>
         <size>0x289</size>
         <input_file_ref idref="fl-2"/>
      </object_component>
      <object_component id="oc-97">
         <name>.debug_info</name>
         <load_address>0x5b6</load_address>
         <run_address>0x5b6</run_address>
         <size>0x26b</size>
         <input_file_ref idref="fl-2"/>
      </object_component>
      <object_component id="oc-41">
         <name>.debug_info</name>
         <load_address>0x821</load_address>
         <run_address>0x821</run_address>
         <size>0x84</size>
         <input_file_ref idref="fl-2"/>
      </object_component>
      <object_component id="oc-111">
         <name>.debug_info</name>
         <load_address>0x8a5</load_address>
         <run_address>0x8a5</run_address>
         <size>0x2a4</size>
         <input_file_ref idref="fl-2"/>
      </object_component>
      <object_component id="oc-9c">
         <name>.debug_info</name>
         <load_address>0xb49</load_address>
         <run_address>0xb49</run_address>
         <size>0xbb</size>
         <input_file_ref idref="fl-2"/>
      </object_component>
      <object_component id="oc-110">
         <name>.debug_info</name>
         <load_address>0xc04</load_address>
         <run_address>0xc04</run_address>
         <size>0x201</size>
         <input_file_ref idref="fl-3"/>
      </object_component>
      <object_component id="oc-101">
         <name>.debug_info</name>
         <load_address>0xe05</load_address>
         <run_address>0xe05</run_address>
         <size>0x315</size>
         <input_file_ref idref="fl-3"/>
      </object_component>
      <object_component id="oc-10b">
         <name>.debug_info</name>
         <load_address>0x111a</load_address>
         <run_address>0x111a</run_address>
         <size>0x3e3</size>
         <input_file_ref idref="fl-3"/>
      </object_component>
      <object_component id="oc-1a9">
         <name>.debug_info</name>
         <load_address>0x14fd</load_address>
         <run_address>0x14fd</run_address>
         <size>0xcc</size>
         <input_file_ref idref="fl-3"/>
      </object_component>
      <object_component id="oc-8b">
         <name>.debug_info</name>
         <load_address>0x15c9</load_address>
         <run_address>0x15c9</run_address>
         <size>0x2c</size>
         <input_file_ref idref="fl-3"/>
      </object_component>
      <object_component id="oc-fc">
         <name>.debug_info</name>
         <load_address>0x15f5</load_address>
         <run_address>0x15f5</run_address>
         <size>0x53</size>
         <input_file_ref idref="fl-3"/>
      </object_component>
      <object_component id="oc-90">
         <name>.debug_info</name>
         <load_address>0x1648</load_address>
         <run_address>0x1648</run_address>
         <size>0x53</size>
         <input_file_ref idref="fl-3"/>
      </object_component>
      <object_component id="oc-106">
         <name>.debug_info</name>
         <load_address>0x169b</load_address>
         <run_address>0x169b</run_address>
         <size>0x14c</size>
         <input_file_ref idref="fl-3"/>
      </object_component>
      <object_component id="oc-1ce">
         <name>.debug_info</name>
         <load_address>0x17e7</load_address>
         <run_address>0x17e7</run_address>
         <size>0x682</size>
         <input_file_ref idref="fl-4"/>
      </object_component>
      <object_component id="oc-171">
         <name>.debug_info</name>
         <load_address>0x1e69</load_address>
         <run_address>0x1e69</run_address>
         <size>0x110</size>
         <input_file_ref idref="fl-4"/>
      </object_component>
      <object_component id="oc-180">
         <name>.debug_info</name>
         <load_address>0x1f79</load_address>
         <run_address>0x1f79</run_address>
         <size>0x3e3</size>
         <input_file_ref idref="fl-4"/>
      </object_component>
      <object_component id="oc-20d">
         <name>.debug_info</name>
         <load_address>0x235c</load_address>
         <run_address>0x235c</run_address>
         <size>0x62</size>
         <input_file_ref idref="fl-4"/>
      </object_component>
      <object_component id="oc-212">
         <name>.debug_info</name>
         <load_address>0x23be</load_address>
         <run_address>0x23be</run_address>
         <size>0x39</size>
         <input_file_ref idref="fl-4"/>
      </object_component>
      <object_component id="oc-16c">
         <name>.debug_info</name>
         <load_address>0x23f7</load_address>
         <run_address>0x23f7</run_address>
         <size>0x4f</size>
         <input_file_ref idref="fl-4"/>
      </object_component>
      <object_component id="oc-186">
         <name>.debug_info</name>
         <load_address>0x2446</load_address>
         <run_address>0x2446</run_address>
         <size>0x383</size>
         <input_file_ref idref="fl-5"/>
      </object_component>
      <object_component id="oc-db">
         <name>.debug_info</name>
         <load_address>0x27c9</load_address>
         <run_address>0x27c9</run_address>
         <size>0x4be</size>
         <input_file_ref idref="fl-5"/>
      </object_component>
      <object_component id="oc-1cf">
         <name>.debug_info</name>
         <load_address>0x2c87</load_address>
         <run_address>0x2c87</run_address>
         <size>0x741</size>
         <input_file_ref idref="fl-6"/>
      </object_component>
      <object_component id="oc-192">
         <name>.debug_info</name>
         <load_address>0x33c8</load_address>
         <run_address>0x33c8</run_address>
         <size>0x2332</size>
         <input_file_ref idref="fl-6"/>
      </object_component>
      <object_component id="oc-219">
         <name>.debug_info</name>
         <load_address>0x56fa</load_address>
         <run_address>0x56fa</run_address>
         <size>0x1c7</size>
         <input_file_ref idref="fl-6"/>
      </object_component>
      <object_component id="oc-1dc">
         <name>.debug_info</name>
         <load_address>0x58c1</load_address>
         <run_address>0x58c1</run_address>
         <size>0x46</size>
         <input_file_ref idref="fl-6"/>
      </object_component>
      <object_component id="oc-176">
         <name>.debug_info</name>
         <load_address>0x5907</load_address>
         <run_address>0x5907</run_address>
         <size>0x35</size>
         <input_file_ref idref="fl-6"/>
      </object_component>
      <object_component id="oc-11d">
         <name>.debug_info</name>
         <load_address>0x593c</load_address>
         <run_address>0x593c</run_address>
         <size>0x2c</size>
         <input_file_ref idref="fl-7"/>
      </object_component>
      <object_component id="oc-d6">
         <name>.debug_info</name>
         <load_address>0x5968</load_address>
         <run_address>0x5968</run_address>
         <size>0x94a</size>
         <input_file_ref idref="fl-8"/>
      </object_component>
      <object_component id="oc-7a">
         <name>.debug_info</name>
         <load_address>0x62b2</load_address>
         <run_address>0x62b2</run_address>
         <size>0x30e</size>
         <input_file_ref idref="fl-8"/>
      </object_component>
      <object_component id="oc-e4">
         <name>.debug_info</name>
         <load_address>0x65c0</load_address>
         <run_address>0x65c0</run_address>
         <size>0x150</size>
         <input_file_ref idref="fl-8"/>
      </object_component>
      <object_component id="oc-e1">
         <name>.debug_info</name>
         <load_address>0x6710</load_address>
         <run_address>0x6710</run_address>
         <size>0x274</size>
         <input_file_ref idref="fl-8"/>
      </object_component>
      <object_component id="oc-80">
         <name>.debug_info</name>
         <load_address>0x6984</load_address>
         <run_address>0x6984</run_address>
         <size>0x3814</size>
         <input_file_ref idref="fl-8"/>
      </object_component>
      <object_component id="oc-f3">
         <name>.debug_info</name>
         <load_address>0xa198</load_address>
         <run_address>0xa198</run_address>
         <size>0x30c</size>
         <input_file_ref idref="fl-8"/>
      </object_component>
      <object_component id="oc-17b">
         <name>.debug_info</name>
         <load_address>0xa4a4</load_address>
         <run_address>0xa4a4</run_address>
         <size>0x105</size>
         <input_file_ref idref="fl-8"/>
      </object_component>
      <object_component id="oc-1a0">
         <name>.debug_info</name>
         <load_address>0xa5a9</load_address>
         <run_address>0xa5a9</run_address>
         <size>0x95b</size>
         <input_file_ref idref="fl-9"/>
      </object_component>
      <object_component id="oc-198">
         <name>.debug_info</name>
         <load_address>0xaf04</load_address>
         <run_address>0xaf04</run_address>
         <size>0x1ff</size>
         <input_file_ref idref="fl-9"/>
      </object_component>
      <object_component id="oc-ee">
         <name>.debug_info</name>
         <load_address>0xb103</load_address>
         <run_address>0xb103</run_address>
         <size>0x1543</size>
         <input_file_ref idref="fl-9"/>
      </object_component>
      <object_component id="oc-1a2">
         <name>.debug_info</name>
         <load_address>0xc646</load_address>
         <run_address>0xc646</run_address>
         <size>0x1ba</size>
         <input_file_ref idref="fl-9"/>
      </object_component>
      <object_component id="oc-1e3">
         <name>.debug_info</name>
         <load_address>0xc800</load_address>
         <run_address>0xc800</run_address>
         <size>0x4f</size>
         <input_file_ref idref="fl-9"/>
      </object_component>
      <object_component id="oc-19b">
         <name>.debug_info</name>
         <load_address>0xc84f</load_address>
         <run_address>0xc84f</run_address>
         <size>0x46</size>
         <input_file_ref idref="fl-9"/>
      </object_component>
      <object_component id="oc-8a">
         <name>.debug_info</name>
         <load_address>0xc895</load_address>
         <run_address>0xc895</run_address>
         <size>0x469</size>
         <input_file_ref idref="fl-a"/>
      </object_component>
      <object_component id="oc-7d">
         <name>.debug_info</name>
         <load_address>0xccfe</load_address>
         <run_address>0xccfe</run_address>
         <size>0x13a</size>
         <input_file_ref idref="fl-a"/>
      </object_component>
      <object_component id="oc-87">
         <name>.debug_info</name>
         <load_address>0xce38</load_address>
         <run_address>0xce38</run_address>
         <size>0x121</size>
         <input_file_ref idref="fl-a"/>
      </object_component>
      <object_component id="oc-33">
         <name>.debug_info</name>
         <load_address>0xcf59</load_address>
         <run_address>0xcf59</run_address>
         <size>0x6ce</size>
         <input_file_ref idref="fl-a"/>
      </object_component>
      <object_component id="oc-2f">
         <name>.debug_info</name>
         <load_address>0xd627</load_address>
         <run_address>0xd627</run_address>
         <size>0x26f</size>
         <input_file_ref idref="fl-b"/>
      </object_component>
      <object_component id="oc-18f">
         <name>.debug_info</name>
         <load_address>0xd896</load_address>
         <run_address>0xd896</run_address>
         <size>0x502</size>
         <input_file_ref idref="fl-c"/>
      </object_component>
      <object_component id="oc-18c">
         <name>.debug_info</name>
         <load_address>0xdd98</load_address>
         <run_address>0xdd98</run_address>
         <size>0x172</size>
         <input_file_ref idref="fl-c"/>
      </object_component>
      <object_component id="oc-e7">
         <name>.debug_info</name>
         <load_address>0xdf0a</load_address>
         <run_address>0xdf0a</run_address>
         <size>0x514</size>
         <input_file_ref idref="fl-c"/>
      </object_component>
      <object_component id="oc-1d4">
         <name>.debug_info</name>
         <load_address>0xe41e</load_address>
         <run_address>0xe41e</run_address>
         <size>0x62</size>
         <input_file_ref idref="fl-c"/>
      </object_component>
      <object_component id="oc-c3">
         <name>.debug_info</name>
         <load_address>0xe480</load_address>
         <run_address>0xe480</run_address>
         <size>0x180</size>
         <input_file_ref idref="fl-e"/>
      </object_component>
      <object_component id="oc-127">
         <name>.debug_info</name>
         <load_address>0xe600</load_address>
         <run_address>0xe600</run_address>
         <size>0x8b</size>
         <input_file_ref idref="fl-e"/>
      </object_component>
      <object_component id="oc-47">
         <name>.debug_info</name>
         <load_address>0xe68b</load_address>
         <run_address>0xe68b</run_address>
         <size>0x119</size>
         <input_file_ref idref="fl-e0"/>
      </object_component>
      <object_component id="oc-b8">
         <name>.debug_info</name>
         <load_address>0xe7a4</load_address>
         <run_address>0xe7a4</run_address>
         <size>0x147</size>
         <input_file_ref idref="fl-e2"/>
      </object_component>
      <object_component id="oc-b5">
         <name>.debug_info</name>
         <load_address>0xe8eb</load_address>
         <run_address>0xe8eb</run_address>
         <size>0x2d4</size>
         <input_file_ref idref="fl-e3"/>
      </object_component>
      <object_component id="oc-53">
         <name>.debug_info</name>
         <load_address>0xebbf</load_address>
         <run_address>0xebbf</run_address>
         <size>0x1d2</size>
         <input_file_ref idref="fl-e3"/>
      </object_component>
      <object_component id="oc-b0">
         <name>.debug_info</name>
         <load_address>0xed91</load_address>
         <run_address>0xed91</run_address>
         <size>0x46</size>
         <input_file_ref idref="fl-e3"/>
      </object_component>
      <object_component id="oc-51">
         <name>.debug_info</name>
         <load_address>0xedd7</load_address>
         <run_address>0xedd7</run_address>
         <size>0x2a8</size>
         <input_file_ref idref="fl-e4"/>
      </object_component>
      <object_component id="oc-1d">
         <name>.debug_info</name>
         <load_address>0xf07f</load_address>
         <run_address>0xf07f</run_address>
         <size>0x1ea</size>
         <input_file_ref idref="fl-e4"/>
      </object_component>
      <object_component id="oc-4c">
         <name>.debug_info</name>
         <load_address>0xf269</load_address>
         <run_address>0xf269</run_address>
         <size>0x46</size>
         <input_file_ref idref="fl-e4"/>
      </object_component>
      <object_component id="oc-a8">
         <name>.debug_info</name>
         <load_address>0xf2af</load_address>
         <run_address>0xf2af</run_address>
         <size>0x2c</size>
         <input_file_ref idref="fl-e4"/>
      </object_component>
      <object_component id="oc-a6">
         <name>.debug_info</name>
         <load_address>0xf2db</load_address>
         <run_address>0xf2db</run_address>
         <size>0x29e</size>
         <input_file_ref idref="fl-e5"/>
      </object_component>
      <object_component id="oc-18">
         <name>.debug_info</name>
         <load_address>0xf579</load_address>
         <run_address>0xf579</run_address>
         <size>0x250</size>
         <input_file_ref idref="fl-e5"/>
      </object_component>
      <object_component id="oc-3c">
         <name>.debug_info</name>
         <load_address>0xf7c9</load_address>
         <run_address>0xf7c9</run_address>
         <size>0x60</size>
         <input_file_ref idref="fl-e5"/>
      </object_component>
      <object_component id="oc-116">
         <name>.debug_info</name>
         <load_address>0xf829</load_address>
         <run_address>0xf829</run_address>
         <size>0x46</size>
         <input_file_ref idref="fl-e5"/>
      </object_component>
      <object_component id="oc-a1">
         <name>.debug_info</name>
         <load_address>0xf86f</load_address>
         <run_address>0xf86f</run_address>
         <size>0x39</size>
         <input_file_ref idref="fl-e5"/>
      </object_component>
      <object_component id="oc-25">
         <name>.debug_info</name>
         <load_address>0xf8a8</load_address>
         <run_address>0xf8a8</run_address>
         <size>0x10b</size>
         <input_file_ref idref="fl-e6"/>
      </object_component>
      <object_component id="oc-67">
         <name>.debug_info</name>
         <load_address>0xf9b3</load_address>
         <run_address>0xf9b3</run_address>
         <size>0x1a9</size>
         <input_file_ref idref="fl-e6"/>
      </object_component>
      <object_component id="oc-1b9">
         <name>.debug_info</name>
         <load_address>0xfb5c</load_address>
         <run_address>0xfb5c</run_address>
         <size>0x4b3</size>
         <input_file_ref idref="fl-e8"/>
      </object_component>
      <object_component id="oc-139">
         <name>.debug_info</name>
         <load_address>0x1000f</load_address>
         <run_address>0x1000f</run_address>
         <size>0x1a6</size>
         <input_file_ref idref="fl-e8"/>
      </object_component>
      <object_component id="oc-1fa">
         <name>.debug_info</name>
         <load_address>0x101b5</load_address>
         <run_address>0x101b5</run_address>
         <size>0x39</size>
         <input_file_ref idref="fl-e8"/>
      </object_component>
      <object_component id="oc-221">
         <name>.debug_info</name>
         <load_address>0x101ee</load_address>
         <run_address>0x101ee</run_address>
         <size>0x39</size>
         <input_file_ref idref="fl-e8"/>
      </object_component>
      <object_component id="oc-1ff">
         <name>.debug_info</name>
         <load_address>0x10227</load_address>
         <run_address>0x10227</run_address>
         <size>0x39</size>
         <input_file_ref idref="fl-e8"/>
      </object_component>
      <object_component id="oc-204">
         <name>.debug_info</name>
         <load_address>0x10260</load_address>
         <run_address>0x10260</run_address>
         <size>0xcd</size>
         <input_file_ref idref="fl-e8"/>
      </object_component>
      <object_component id="oc-bd">
         <name>.debug_info</name>
         <load_address>0x1032d</load_address>
         <run_address>0x1032d</run_address>
         <size>0x153</size>
         <input_file_ref idref="fl-e9"/>
      </object_component>
      <object_component id="oc-12f">
         <name>.debug_info</name>
         <load_address>0x10480</load_address>
         <run_address>0x10480</run_address>
         <size>0x122</size>
         <input_file_ref idref="fl-eb"/>
      </object_component>
      <object_component id="oc-25c">
         <name>.debug_info</name>
         <load_address>0x105a2</load_address>
         <run_address>0x105a2</run_address>
         <size>0xc0</size>
      </object_component>
      <object_component id="oc-96">
         <name>.debug_line</name>
         <load_address>0x0</load_address>
         <run_address>0x0</run_address>
         <size>0x41</size>
         <input_file_ref idref="fl-2"/>
      </object_component>
      <object_component id="oc-39">
         <name>.debug_line</name>
         <load_address>0x41</load_address>
         <run_address>0x41</run_address>
         <size>0x41</size>
         <input_file_ref idref="fl-2"/>
      </object_component>
      <object_component id="oc-2c">
         <name>.debug_line</name>
         <load_address>0x82</load_address>
         <run_address>0x82</run_address>
         <size>0x9b</size>
         <input_file_ref idref="fl-2"/>
      </object_component>
      <object_component id="oc-9a">
         <name>.debug_line</name>
         <load_address>0x11d</load_address>
         <run_address>0x11d</run_address>
         <size>0x6f</size>
         <input_file_ref idref="fl-2"/>
      </object_component>
      <object_component id="oc-44">
         <name>.debug_line</name>
         <load_address>0x18c</load_address>
         <run_address>0x18c</run_address>
         <size>0x20</size>
         <input_file_ref idref="fl-2"/>
      </object_component>
      <object_component id="oc-114">
         <name>.debug_line</name>
         <load_address>0x1ac</load_address>
         <run_address>0x1ac</run_address>
         <size>0x73</size>
         <input_file_ref idref="fl-2"/>
      </object_component>
      <object_component id="oc-9f">
         <name>.debug_line</name>
         <load_address>0x21f</load_address>
         <run_address>0x21f</run_address>
         <size>0x70</size>
         <input_file_ref idref="fl-2"/>
      </object_component>
      <object_component id="oc-1a8">
         <name>.debug_line</name>
         <load_address>0x28f</load_address>
         <run_address>0x28f</run_address>
         <size>0x20</size>
         <input_file_ref idref="fl-3"/>
      </object_component>
      <object_component id="oc-104">
         <name>.debug_line</name>
         <load_address>0x2af</load_address>
         <run_address>0x2af</run_address>
         <size>0x87</size>
         <input_file_ref idref="fl-3"/>
      </object_component>
      <object_component id="oc-10e">
         <name>.debug_line</name>
         <load_address>0x336</load_address>
         <run_address>0x336</run_address>
         <size>0x8b</size>
         <input_file_ref idref="fl-3"/>
      </object_component>
      <object_component id="oc-1ac">
         <name>.debug_line</name>
         <load_address>0x3c1</load_address>
         <run_address>0x3c1</run_address>
         <size>0x8b</size>
         <input_file_ref idref="fl-3"/>
      </object_component>
      <object_component id="oc-8e">
         <name>.debug_line</name>
         <load_address>0x44c</load_address>
         <run_address>0x44c</run_address>
         <size>0x8b</size>
         <input_file_ref idref="fl-3"/>
      </object_component>
      <object_component id="oc-ff">
         <name>.debug_line</name>
         <load_address>0x4d7</load_address>
         <run_address>0x4d7</run_address>
         <size>0x6b</size>
         <input_file_ref idref="fl-3"/>
      </object_component>
      <object_component id="oc-93">
         <name>.debug_line</name>
         <load_address>0x542</load_address>
         <run_address>0x542</run_address>
         <size>0x9a</size>
         <input_file_ref idref="fl-3"/>
      </object_component>
      <object_component id="oc-109">
         <name>.debug_line</name>
         <load_address>0x5dc</load_address>
         <run_address>0x5dc</run_address>
         <size>0x87</size>
         <input_file_ref idref="fl-3"/>
      </object_component>
      <object_component id="oc-20c">
         <name>.debug_line</name>
         <load_address>0x663</load_address>
         <run_address>0x663</run_address>
         <size>0x1d3</size>
         <input_file_ref idref="fl-4"/>
      </object_component>
      <object_component id="oc-174">
         <name>.debug_line</name>
         <load_address>0x836</load_address>
         <run_address>0x836</run_address>
         <size>0x6b</size>
         <input_file_ref idref="fl-4"/>
      </object_component>
      <object_component id="oc-183">
         <name>.debug_line</name>
         <load_address>0x8a1</load_address>
         <run_address>0x8a1</run_address>
         <size>0x8b</size>
         <input_file_ref idref="fl-4"/>
      </object_component>
      <object_component id="oc-210">
         <name>.debug_line</name>
         <load_address>0x92c</load_address>
         <run_address>0x92c</run_address>
         <size>0x3e</size>
         <input_file_ref idref="fl-4"/>
      </object_component>
      <object_component id="oc-215">
         <name>.debug_line</name>
         <load_address>0x96a</load_address>
         <run_address>0x96a</run_address>
         <size>0x8f</size>
         <input_file_ref idref="fl-4"/>
      </object_component>
      <object_component id="oc-16f">
         <name>.debug_line</name>
         <load_address>0x9f9</load_address>
         <run_address>0x9f9</run_address>
         <size>0x89</size>
         <input_file_ref idref="fl-4"/>
      </object_component>
      <object_component id="oc-1d1">
         <name>.debug_line</name>
         <load_address>0xa82</load_address>
         <run_address>0xa82</run_address>
         <size>0x20</size>
         <input_file_ref idref="fl-5"/>
      </object_component>
      <object_component id="oc-de">
         <name>.debug_line</name>
         <load_address>0xaa2</load_address>
         <run_address>0xaa2</run_address>
         <size>0xe4</size>
         <input_file_ref idref="fl-5"/>
      </object_component>
      <object_component id="oc-218">
         <name>.debug_line</name>
         <load_address>0xb86</load_address>
         <run_address>0xb86</run_address>
         <size>0x1d3</size>
         <input_file_ref idref="fl-6"/>
      </object_component>
      <object_component id="oc-195">
         <name>.debug_line</name>
         <load_address>0xd59</load_address>
         <run_address>0xd59</run_address>
         <size>0x607</size>
         <input_file_ref idref="fl-6"/>
      </object_component>
      <object_component id="oc-21c">
         <name>.debug_line</name>
         <load_address>0x1360</load_address>
         <run_address>0x1360</run_address>
         <size>0x37</size>
         <input_file_ref idref="fl-6"/>
      </object_component>
      <object_component id="oc-1df">
         <name>.debug_line</name>
         <load_address>0x1397</load_address>
         <run_address>0x1397</run_address>
         <size>0x88</size>
         <input_file_ref idref="fl-6"/>
      </object_component>
      <object_component id="oc-179">
         <name>.debug_line</name>
         <load_address>0x141f</load_address>
         <run_address>0x141f</run_address>
         <size>0x74</size>
         <input_file_ref idref="fl-6"/>
      </object_component>
      <object_component id="oc-120">
         <name>.debug_line</name>
         <load_address>0x1493</load_address>
         <run_address>0x1493</run_address>
         <size>0x6b</size>
         <input_file_ref idref="fl-7"/>
      </object_component>
      <object_component id="oc-16b">
         <name>.debug_line</name>
         <load_address>0x14fe</load_address>
         <run_address>0x14fe</run_address>
         <size>0x220</size>
         <input_file_ref idref="fl-8"/>
      </object_component>
      <object_component id="oc-d5">
         <name>.debug_line</name>
         <load_address>0x171e</load_address>
         <run_address>0x171e</run_address>
         <size>0x37</size>
         <input_file_ref idref="fl-8"/>
      </object_component>
      <object_component id="oc-18a">
         <name>.debug_line</name>
         <load_address>0x1755</load_address>
         <run_address>0x1755</run_address>
         <size>0x37</size>
         <input_file_ref idref="fl-8"/>
      </object_component>
      <object_component id="oc-188">
         <name>.debug_line</name>
         <load_address>0x178c</load_address>
         <run_address>0x178c</run_address>
         <size>0x37</size>
         <input_file_ref idref="fl-8"/>
      </object_component>
      <object_component id="oc-83">
         <name>.debug_line</name>
         <load_address>0x17c3</load_address>
         <run_address>0x17c3</run_address>
         <size>0xac7</size>
         <input_file_ref idref="fl-8"/>
      </object_component>
      <object_component id="oc-f6">
         <name>.debug_line</name>
         <load_address>0x228a</load_address>
         <run_address>0x228a</run_address>
         <size>0x87</size>
         <input_file_ref idref="fl-8"/>
      </object_component>
      <object_component id="oc-17e">
         <name>.debug_line</name>
         <load_address>0x2311</load_address>
         <run_address>0x2311</run_address>
         <size>0x37</size>
         <input_file_ref idref="fl-8"/>
      </object_component>
      <object_component id="oc-1e9">
         <name>.debug_line</name>
         <load_address>0x2348</load_address>
         <run_address>0x2348</run_address>
         <size>0x23b</size>
         <input_file_ref idref="fl-9"/>
      </object_component>
      <object_component id="oc-1e2">
         <name>.debug_line</name>
         <load_address>0x2583</load_address>
         <run_address>0x2583</run_address>
         <size>0x38</size>
         <input_file_ref idref="fl-9"/>
      </object_component>
      <object_component id="oc-ed">
         <name>.debug_line</name>
         <load_address>0x25bb</load_address>
         <run_address>0x25bb</run_address>
         <size>0x39e</size>
         <input_file_ref idref="fl-9"/>
      </object_component>
      <object_component id="oc-1a5">
         <name>.debug_line</name>
         <load_address>0x2959</load_address>
         <run_address>0x2959</run_address>
         <size>0x38</size>
         <input_file_ref idref="fl-9"/>
      </object_component>
      <object_component id="oc-1e6">
         <name>.debug_line</name>
         <load_address>0x2991</load_address>
         <run_address>0x2991</run_address>
         <size>0x88</size>
         <input_file_ref idref="fl-9"/>
      </object_component>
      <object_component id="oc-19e">
         <name>.debug_line</name>
         <load_address>0x2a19</load_address>
         <run_address>0x2a19</run_address>
         <size>0x89</size>
         <input_file_ref idref="fl-9"/>
      </object_component>
      <object_component id="oc-fb">
         <name>.debug_line</name>
         <load_address>0x2aa2</load_address>
         <run_address>0x2aa2</run_address>
         <size>0xb3</size>
         <input_file_ref idref="fl-a"/>
      </object_component>
      <object_component id="oc-d9">
         <name>.debug_line</name>
         <load_address>0x2b55</load_address>
         <run_address>0x2b55</run_address>
         <size>0x4c</size>
         <input_file_ref idref="fl-a"/>
      </object_component>
      <object_component id="oc-f9">
         <name>.debug_line</name>
         <load_address>0x2ba1</load_address>
         <run_address>0x2ba1</run_address>
         <size>0x4c</size>
         <input_file_ref idref="fl-a"/>
      </object_component>
      <object_component id="oc-37">
         <name>.debug_line</name>
         <load_address>0x2bed</load_address>
         <run_address>0x2bed</run_address>
         <size>0x130</size>
         <input_file_ref idref="fl-a"/>
      </object_component>
      <object_component id="oc-31">
         <name>.debug_line</name>
         <load_address>0x2d1d</load_address>
         <run_address>0x2d1d</run_address>
         <size>0xe1</size>
         <input_file_ref idref="fl-b"/>
      </object_component>
      <object_component id="oc-1da">
         <name>.debug_line</name>
         <load_address>0x2dfe</load_address>
         <run_address>0x2dfe</run_address>
         <size>0x87</size>
         <input_file_ref idref="fl-c"/>
      </object_component>
      <object_component id="oc-1d3">
         <name>.debug_line</name>
         <load_address>0x2e85</load_address>
         <run_address>0x2e85</run_address>
         <size>0x49</size>
         <input_file_ref idref="fl-c"/>
      </object_component>
      <object_component id="oc-ea">
         <name>.debug_line</name>
         <load_address>0x2ece</load_address>
         <run_address>0x2ece</run_address>
         <size>0x11f</size>
         <input_file_ref idref="fl-c"/>
      </object_component>
      <object_component id="oc-1d7">
         <name>.debug_line</name>
         <load_address>0x2fed</load_address>
         <run_address>0x2fed</run_address>
         <size>0x49</size>
         <input_file_ref idref="fl-c"/>
      </object_component>
      <object_component id="oc-c6">
         <name>.debug_line</name>
         <load_address>0x3036</load_address>
         <run_address>0x3036</run_address>
         <size>0x59</size>
         <input_file_ref idref="fl-e"/>
      </object_component>
      <object_component id="oc-12a">
         <name>.debug_line</name>
         <load_address>0x308f</load_address>
         <run_address>0x308f</run_address>
         <size>0x20</size>
         <input_file_ref idref="fl-e"/>
      </object_component>
      <object_component id="oc-4a">
         <name>.debug_line</name>
         <load_address>0x30af</load_address>
         <run_address>0x30af</run_address>
         <size>0x88</size>
         <input_file_ref idref="fl-e0"/>
      </object_component>
      <object_component id="oc-ba">
         <name>.debug_line</name>
         <load_address>0x3137</load_address>
         <run_address>0x3137</run_address>
         <size>0x79</size>
         <input_file_ref idref="fl-e2"/>
      </object_component>
      <object_component id="oc-123">
         <name>.debug_line</name>
         <load_address>0x31b0</load_address>
         <run_address>0x31b0</run_address>
         <size>0x92</size>
         <input_file_ref idref="fl-e3"/>
      </object_component>
      <object_component id="oc-56">
         <name>.debug_line</name>
         <load_address>0x3242</load_address>
         <run_address>0x3242</run_address>
         <size>0x56</size>
         <input_file_ref idref="fl-e3"/>
      </object_component>
      <object_component id="oc-b3">
         <name>.debug_line</name>
         <load_address>0x3298</load_address>
         <run_address>0x3298</run_address>
         <size>0x34</size>
         <input_file_ref idref="fl-e3"/>
      </object_component>
      <object_component id="oc-ae">
         <name>.debug_line</name>
         <load_address>0x32cc</load_address>
         <run_address>0x32cc</run_address>
         <size>0x20</size>
         <input_file_ref idref="fl-e4"/>
      </object_component>
      <object_component id="oc-1f">
         <name>.debug_line</name>
         <load_address>0x32ec</load_address>
         <run_address>0x32ec</run_address>
         <size>0x55</size>
         <input_file_ref idref="fl-e4"/>
      </object_component>
      <object_component id="oc-4f">
         <name>.debug_line</name>
         <load_address>0x3341</load_address>
         <run_address>0x3341</run_address>
         <size>0x3a</size>
         <input_file_ref idref="fl-e4"/>
      </object_component>
      <object_component id="oc-ab">
         <name>.debug_line</name>
         <load_address>0x337b</load_address>
         <run_address>0x337b</run_address>
         <size>0x92</size>
         <input_file_ref idref="fl-e4"/>
      </object_component>
      <object_component id="oc-11c">
         <name>.debug_line</name>
         <load_address>0x340d</load_address>
         <run_address>0x340d</run_address>
         <size>0x20</size>
         <input_file_ref idref="fl-e5"/>
      </object_component>
      <object_component id="oc-17">
         <name>.debug_line</name>
         <load_address>0x342d</load_address>
         <run_address>0x342d</run_address>
         <size>0xa9</size>
         <input_file_ref idref="fl-e5"/>
      </object_component>
      <object_component id="oc-3f">
         <name>.debug_line</name>
         <load_address>0x34d6</load_address>
         <run_address>0x34d6</run_address>
         <size>0x3a</size>
         <input_file_ref idref="fl-e5"/>
      </object_component>
      <object_component id="oc-119">
         <name>.debug_line</name>
         <load_address>0x3510</load_address>
         <run_address>0x3510</run_address>
         <size>0x9a</size>
         <input_file_ref idref="fl-e5"/>
      </object_component>
      <object_component id="oc-a4">
         <name>.debug_line</name>
         <load_address>0x35aa</load_address>
         <run_address>0x35aa</run_address>
         <size>0x96</size>
         <input_file_ref idref="fl-e5"/>
      </object_component>
      <object_component id="oc-77">
         <name>.debug_line</name>
         <load_address>0x3640</load_address>
         <run_address>0x3640</run_address>
         <size>0x33</size>
         <input_file_ref idref="fl-e6"/>
      </object_component>
      <object_component id="oc-69">
         <name>.debug_line</name>
         <load_address>0x3673</load_address>
         <run_address>0x3673</run_address>
         <size>0x45</size>
         <input_file_ref idref="fl-e6"/>
      </object_component>
      <object_component id="oc-1f9">
         <name>.debug_line</name>
         <load_address>0x36b8</load_address>
         <run_address>0x36b8</run_address>
         <size>0xbf</size>
         <input_file_ref idref="fl-e8"/>
      </object_component>
      <object_component id="oc-13c">
         <name>.debug_line</name>
         <load_address>0x3777</load_address>
         <run_address>0x3777</run_address>
         <size>0x6f</size>
         <input_file_ref idref="fl-e8"/>
      </object_component>
      <object_component id="oc-1fd">
         <name>.debug_line</name>
         <load_address>0x37e6</load_address>
         <run_address>0x37e6</run_address>
         <size>0x2e</size>
         <input_file_ref idref="fl-e8"/>
      </object_component>
      <object_component id="oc-224">
         <name>.debug_line</name>
         <load_address>0x3814</load_address>
         <run_address>0x3814</run_address>
         <size>0x9a</size>
         <input_file_ref idref="fl-e8"/>
      </object_component>
      <object_component id="oc-202">
         <name>.debug_line</name>
         <load_address>0x38ae</load_address>
         <run_address>0x38ae</run_address>
         <size>0x97</size>
         <input_file_ref idref="fl-e8"/>
      </object_component>
      <object_component id="oc-207">
         <name>.debug_line</name>
         <load_address>0x3945</load_address>
         <run_address>0x3945</run_address>
         <size>0x93</size>
         <input_file_ref idref="fl-e8"/>
      </object_component>
      <object_component id="oc-c0">
         <name>.debug_line</name>
         <load_address>0x39d8</load_address>
         <run_address>0x39d8</run_address>
         <size>0x40</size>
         <input_file_ref idref="fl-e9"/>
      </object_component>
      <object_component id="oc-12e">
         <name>.debug_line</name>
         <load_address>0x3a18</load_address>
         <run_address>0x3a18</run_address>
         <size>0x3c</size>
         <input_file_ref idref="fl-eb"/>
      </object_component>
      <object_component id="oc-2b">
         <name>.debug_frame</name>
         <load_address>0x0</load_address>
         <run_address>0x0</run_address>
         <size>0x70</size>
         <input_file_ref idref="fl-2"/>
      </object_component>
      <object_component id="oc-df">
         <name>.debug_frame</name>
         <load_address>0x70</load_address>
         <run_address>0x70</run_address>
         <size>0xac</size>
         <input_file_ref idref="fl-5"/>
      </object_component>
      <object_component id="oc-196">
         <name>.debug_frame</name>
         <load_address>0x11c</load_address>
         <run_address>0x11c</run_address>
         <size>0x2ac</size>
         <input_file_ref idref="fl-6"/>
      </object_component>
      <object_component id="oc-84">
         <name>.debug_frame</name>
         <load_address>0x3c8</load_address>
         <run_address>0x3c8</run_address>
         <size>0x558</size>
         <input_file_ref idref="fl-8"/>
      </object_component>
      <object_component id="oc-f1">
         <name>.debug_frame</name>
         <load_address>0x920</load_address>
         <run_address>0x920</run_address>
         <size>0x204</size>
         <input_file_ref idref="fl-9"/>
      </object_component>
      <object_component id="oc-36">
         <name>.debug_frame</name>
         <load_address>0xb24</load_address>
         <run_address>0xb24</run_address>
         <size>0xec</size>
         <input_file_ref idref="fl-a"/>
      </object_component>
      <object_component id="oc-eb">
         <name>.debug_frame</name>
         <load_address>0xc10</load_address>
         <run_address>0xc10</run_address>
         <size>0xac</size>
         <input_file_ref idref="fl-c"/>
      </object_component>
      <object_component id="oc-c7">
         <name>.debug_frame</name>
         <load_address>0xcbc</load_address>
         <run_address>0xcbc</run_address>
         <size>0x38</size>
         <input_file_ref idref="fl-e"/>
      </object_component>
      <object_component id="oc-57">
         <name>.debug_frame</name>
         <load_address>0xcf4</load_address>
         <run_address>0xcf4</run_address>
         <size>0x54</size>
         <input_file_ref idref="fl-e3"/>
      </object_component>
      <object_component id="oc-20">
         <name>.debug_frame</name>
         <load_address>0xd48</load_address>
         <run_address>0xd48</run_address>
         <size>0x54</size>
         <input_file_ref idref="fl-e4"/>
      </object_component>
      <object_component id="oc-16">
         <name>.debug_frame</name>
         <load_address>0xd9c</load_address>
         <run_address>0xd9c</run_address>
         <size>0x60</size>
         <input_file_ref idref="fl-e5"/>
      </object_component>
      <object_component id="oc-66">
         <name>.debug_frame</name>
         <load_address>0xdfc</load_address>
         <run_address>0xdfc</run_address>
         <size>0x50</size>
         <input_file_ref idref="fl-e6"/>
      </object_component>
      <object_component id="oc-13d">
         <name>.debug_frame</name>
         <load_address>0xe4c</load_address>
         <run_address>0xe4c</run_address>
         <size>0x5c</size>
         <input_file_ref idref="fl-e8"/>
      </object_component>
      <object_component id="oc-c1">
         <name>.debug_frame</name>
         <load_address>0xea8</load_address>
         <run_address>0xea8</run_address>
         <size>0x54</size>
         <input_file_ref idref="fl-e9"/>
      </object_component>
      <object_component id="oc-12d">
         <name>.debug_frame</name>
         <load_address>0xefc</load_address>
         <run_address>0xefc</run_address>
         <size>0x54</size>
         <input_file_ref idref="fl-eb"/>
      </object_component>
      <object_component id="oc-95">
         <name>.debug_abbrev</name>
         <load_address>0x0</load_address>
         <run_address>0x0</run_address>
         <size>0x7c</size>
         <input_file_ref idref="fl-2"/>
      </object_component>
      <object_component id="oc-38">
         <name>.debug_abbrev</name>
         <load_address>0x7c</load_address>
         <run_address>0x7c</run_address>
         <size>0x29</size>
         <input_file_ref idref="fl-2"/>
      </object_component>
      <object_component id="oc-78">
         <name>.debug_abbrev</name>
         <load_address>0xa5</load_address>
         <run_address>0xa5</run_address>
         <size>0x79</size>
         <input_file_ref idref="fl-2"/>
      </object_component>
      <object_component id="oc-99">
         <name>.debug_abbrev</name>
         <load_address>0x11e</load_address>
         <run_address>0x11e</run_address>
         <size>0x69</size>
         <input_file_ref idref="fl-2"/>
      </object_component>
      <object_component id="oc-43">
         <name>.debug_abbrev</name>
         <load_address>0x187</load_address>
         <run_address>0x187</run_address>
         <size>0x1f</size>
         <input_file_ref idref="fl-2"/>
      </object_component>
      <object_component id="oc-113">
         <name>.debug_abbrev</name>
         <load_address>0x1a6</load_address>
         <run_address>0x1a6</run_address>
         <size>0x5c</size>
         <input_file_ref idref="fl-2"/>
      </object_component>
      <object_component id="oc-9e">
         <name>.debug_abbrev</name>
         <load_address>0x202</load_address>
         <run_address>0x202</run_address>
         <size>0x24</size>
         <input_file_ref idref="fl-2"/>
      </object_component>
      <object_component id="oc-1a7">
         <name>.debug_abbrev</name>
         <load_address>0x226</load_address>
         <run_address>0x226</run_address>
         <size>0x7d</size>
         <input_file_ref idref="fl-3"/>
      </object_component>
      <object_component id="oc-103">
         <name>.debug_abbrev</name>
         <load_address>0x2a3</load_address>
         <run_address>0x2a3</run_address>
         <size>0x9f</size>
         <input_file_ref idref="fl-3"/>
      </object_component>
      <object_component id="oc-10d">
         <name>.debug_abbrev</name>
         <load_address>0x342</load_address>
         <run_address>0x342</run_address>
         <size>0x70</size>
         <input_file_ref idref="fl-3"/>
      </object_component>
      <object_component id="oc-1ab">
         <name>.debug_abbrev</name>
         <load_address>0x3b2</load_address>
         <run_address>0x3b2</run_address>
         <size>0x72</size>
         <input_file_ref idref="fl-3"/>
      </object_component>
      <object_component id="oc-8d">
         <name>.debug_abbrev</name>
         <load_address>0x424</load_address>
         <run_address>0x424</run_address>
         <size>0x24</size>
         <input_file_ref idref="fl-3"/>
      </object_component>
      <object_component id="oc-fe">
         <name>.debug_abbrev</name>
         <load_address>0x448</load_address>
         <run_address>0x448</run_address>
         <size>0x24</size>
         <input_file_ref idref="fl-3"/>
      </object_component>
      <object_component id="oc-92">
         <name>.debug_abbrev</name>
         <load_address>0x46c</load_address>
         <run_address>0x46c</run_address>
         <size>0x24</size>
         <input_file_ref idref="fl-3"/>
      </object_component>
      <object_component id="oc-108">
         <name>.debug_abbrev</name>
         <load_address>0x490</load_address>
         <run_address>0x490</run_address>
         <size>0x61</size>
         <input_file_ref idref="fl-3"/>
      </object_component>
      <object_component id="oc-20b">
         <name>.debug_abbrev</name>
         <load_address>0x4f1</load_address>
         <run_address>0x4f1</run_address>
         <size>0x123</size>
         <input_file_ref idref="fl-4"/>
      </object_component>
      <object_component id="oc-173">
         <name>.debug_abbrev</name>
         <load_address>0x614</load_address>
         <run_address>0x614</run_address>
         <size>0x5a</size>
         <input_file_ref idref="fl-4"/>
      </object_component>
      <object_component id="oc-182">
         <name>.debug_abbrev</name>
         <load_address>0x66e</load_address>
         <run_address>0x66e</run_address>
         <size>0x70</size>
         <input_file_ref idref="fl-4"/>
      </object_component>
      <object_component id="oc-20f">
         <name>.debug_abbrev</name>
         <load_address>0x6de</load_address>
         <run_address>0x6de</run_address>
         <size>0x4b</size>
         <input_file_ref idref="fl-4"/>
      </object_component>
      <object_component id="oc-214">
         <name>.debug_abbrev</name>
         <load_address>0x729</load_address>
         <run_address>0x729</run_address>
         <size>0x24</size>
         <input_file_ref idref="fl-4"/>
      </object_component>
      <object_component id="oc-16e">
         <name>.debug_abbrev</name>
         <load_address>0x74d</load_address>
         <run_address>0x74d</run_address>
         <size>0x33</size>
         <input_file_ref idref="fl-4"/>
      </object_component>
      <object_component id="oc-1d0">
         <name>.debug_abbrev</name>
         <load_address>0x780</load_address>
         <run_address>0x780</run_address>
         <size>0x88</size>
         <input_file_ref idref="fl-5"/>
      </object_component>
      <object_component id="oc-185">
         <name>.debug_abbrev</name>
         <load_address>0x808</load_address>
         <run_address>0x808</run_address>
         <size>0x9b</size>
         <input_file_ref idref="fl-5"/>
      </object_component>
      <object_component id="oc-217">
         <name>.debug_abbrev</name>
         <load_address>0x8a3</load_address>
         <run_address>0x8a3</run_address>
         <size>0x13b</size>
         <input_file_ref idref="fl-6"/>
      </object_component>
      <object_component id="oc-1db">
         <name>.debug_abbrev</name>
         <load_address>0x9de</load_address>
         <run_address>0x9de</run_address>
         <size>0x141</size>
         <input_file_ref idref="fl-6"/>
      </object_component>
      <object_component id="oc-21b">
         <name>.debug_abbrev</name>
         <load_address>0xb1f</load_address>
         <run_address>0xb1f</run_address>
         <size>0x70</size>
         <input_file_ref idref="fl-6"/>
      </object_component>
      <object_component id="oc-1de">
         <name>.debug_abbrev</name>
         <load_address>0xb8f</load_address>
         <run_address>0xb8f</run_address>
         <size>0x24</size>
         <input_file_ref idref="fl-6"/>
      </object_component>
      <object_component id="oc-178">
         <name>.debug_abbrev</name>
         <load_address>0xbb3</load_address>
         <run_address>0xbb3</run_address>
         <size>0x33</size>
         <input_file_ref idref="fl-6"/>
      </object_component>
      <object_component id="oc-11f">
         <name>.debug_abbrev</name>
         <load_address>0xbe6</load_address>
         <run_address>0xbe6</run_address>
         <size>0x24</size>
         <input_file_ref idref="fl-7"/>
      </object_component>
      <object_component id="oc-16a">
         <name>.debug_abbrev</name>
         <load_address>0xc0a</load_address>
         <run_address>0xc0a</run_address>
         <size>0x16f</size>
         <input_file_ref idref="fl-8"/>
      </object_component>
      <object_component id="oc-d4">
         <name>.debug_abbrev</name>
         <load_address>0xd79</load_address>
         <run_address>0xd79</run_address>
         <size>0x3d</size>
         <input_file_ref idref="fl-8"/>
      </object_component>
      <object_component id="oc-189">
         <name>.debug_abbrev</name>
         <load_address>0xdb6</load_address>
         <run_address>0xdb6</run_address>
         <size>0x27</size>
         <input_file_ref idref="fl-8"/>
      </object_component>
      <object_component id="oc-187">
         <name>.debug_abbrev</name>
         <load_address>0xddd</load_address>
         <run_address>0xddd</run_address>
         <size>0x27</size>
         <input_file_ref idref="fl-8"/>
      </object_component>
      <object_component id="oc-f2">
         <name>.debug_abbrev</name>
         <load_address>0xe04</load_address>
         <run_address>0xe04</run_address>
         <size>0x112</size>
         <input_file_ref idref="fl-8"/>
      </object_component>
      <object_component id="oc-f5">
         <name>.debug_abbrev</name>
         <load_address>0xf16</load_address>
         <run_address>0xf16</run_address>
         <size>0x90</size>
         <input_file_ref idref="fl-8"/>
      </object_component>
      <object_component id="oc-17d">
         <name>.debug_abbrev</name>
         <load_address>0xfa6</load_address>
         <run_address>0xfa6</run_address>
         <size>0x61</size>
         <input_file_ref idref="fl-8"/>
      </object_component>
      <object_component id="oc-1e8">
         <name>.debug_abbrev</name>
         <load_address>0x1007</load_address>
         <run_address>0x1007</run_address>
         <size>0x154</size>
         <input_file_ref idref="fl-9"/>
      </object_component>
      <object_component id="oc-1e1">
         <name>.debug_abbrev</name>
         <load_address>0x115b</load_address>
         <run_address>0x115b</run_address>
         <size>0x27</size>
         <input_file_ref idref="fl-9"/>
      </object_component>
      <object_component id="oc-19a">
         <name>.debug_abbrev</name>
         <load_address>0x1182</load_address>
         <run_address>0x1182</run_address>
         <size>0x13f</size>
         <input_file_ref idref="fl-9"/>
      </object_component>
      <object_component id="oc-1a4">
         <name>.debug_abbrev</name>
         <load_address>0x12c1</load_address>
         <run_address>0x12c1</run_address>
         <size>0x70</size>
         <input_file_ref idref="fl-9"/>
      </object_component>
      <object_component id="oc-1e5">
         <name>.debug_abbrev</name>
         <load_address>0x1331</load_address>
         <run_address>0x1331</run_address>
         <size>0x33</size>
         <input_file_ref idref="fl-9"/>
      </object_component>
      <object_component id="oc-19d">
         <name>.debug_abbrev</name>
         <load_address>0x1364</load_address>
         <run_address>0x1364</run_address>
         <size>0x24</size>
         <input_file_ref idref="fl-9"/>
      </object_component>
      <object_component id="oc-fa">
         <name>.debug_abbrev</name>
         <load_address>0x1388</load_address>
         <run_address>0x1388</run_address>
         <size>0xc4</size>
         <input_file_ref idref="fl-a"/>
      </object_component>
      <object_component id="oc-d8">
         <name>.debug_abbrev</name>
         <load_address>0x144c</load_address>
         <run_address>0x144c</run_address>
         <size>0x29</size>
         <input_file_ref idref="fl-a"/>
      </object_component>
      <object_component id="oc-f8">
         <name>.debug_abbrev</name>
         <load_address>0x1475</load_address>
         <run_address>0x1475</run_address>
         <size>0x27</size>
         <input_file_ref idref="fl-a"/>
      </object_component>
      <object_component id="oc-89">
         <name>.debug_abbrev</name>
         <load_address>0x149c</load_address>
         <run_address>0x149c</run_address>
         <size>0x101</size>
         <input_file_ref idref="fl-a"/>
      </object_component>
      <object_component id="oc-85">
         <name>.debug_abbrev</name>
         <load_address>0x159d</load_address>
         <run_address>0x159d</run_address>
         <size>0x75</size>
         <input_file_ref idref="fl-b"/>
      </object_component>
      <object_component id="oc-1d9">
         <name>.debug_abbrev</name>
         <load_address>0x1612</load_address>
         <run_address>0x1612</run_address>
         <size>0xf1</size>
         <input_file_ref idref="fl-c"/>
      </object_component>
      <object_component id="oc-1d2">
         <name>.debug_abbrev</name>
         <load_address>0x1703</load_address>
         <run_address>0x1703</run_address>
         <size>0x27</size>
         <input_file_ref idref="fl-c"/>
      </object_component>
      <object_component id="oc-18e">
         <name>.debug_abbrev</name>
         <load_address>0x172a</load_address>
         <run_address>0x172a</run_address>
         <size>0xa9</size>
         <input_file_ref idref="fl-c"/>
      </object_component>
      <object_component id="oc-1d6">
         <name>.debug_abbrev</name>
         <load_address>0x17d3</load_address>
         <run_address>0x17d3</run_address>
         <size>0x4b</size>
         <input_file_ref idref="fl-c"/>
      </object_component>
      <object_component id="oc-126">
         <name>.debug_abbrev</name>
         <load_address>0x181e</load_address>
         <run_address>0x181e</run_address>
         <size>0x63</size>
         <input_file_ref idref="fl-e"/>
      </object_component>
      <object_component id="oc-129">
         <name>.debug_abbrev</name>
         <load_address>0x1881</load_address>
         <run_address>0x1881</run_address>
         <size>0x1f</size>
         <input_file_ref idref="fl-e"/>
      </object_component>
      <object_component id="oc-a7">
         <name>.debug_abbrev</name>
         <load_address>0x18a0</load_address>
         <run_address>0x18a0</run_address>
         <size>0x3e</size>
         <input_file_ref idref="fl-e0"/>
      </object_component>
      <object_component id="oc-124">
         <name>.debug_abbrev</name>
         <load_address>0x18de</load_address>
         <run_address>0x18de</run_address>
         <size>0x4f</size>
         <input_file_ref idref="fl-e2"/>
      </object_component>
      <object_component id="oc-122">
         <name>.debug_abbrev</name>
         <load_address>0x192d</load_address>
         <run_address>0x192d</run_address>
         <size>0x5d</size>
         <input_file_ref idref="fl-e3"/>
      </object_component>
      <object_component id="oc-af">
         <name>.debug_abbrev</name>
         <load_address>0x198a</load_address>
         <run_address>0x198a</run_address>
         <size>0x6f</size>
         <input_file_ref idref="fl-e3"/>
      </object_component>
      <object_component id="oc-b2">
         <name>.debug_abbrev</name>
         <load_address>0x19f9</load_address>
         <run_address>0x19f9</run_address>
         <size>0x24</size>
         <input_file_ref idref="fl-e3"/>
      </object_component>
      <object_component id="oc-ad">
         <name>.debug_abbrev</name>
         <load_address>0x1a1d</load_address>
         <run_address>0x1a1d</run_address>
         <size>0x37</size>
         <input_file_ref idref="fl-e4"/>
      </object_component>
      <object_component id="oc-4b">
         <name>.debug_abbrev</name>
         <load_address>0x1a54</load_address>
         <run_address>0x1a54</run_address>
         <size>0x74</size>
         <input_file_ref idref="fl-e4"/>
      </object_component>
      <object_component id="oc-4e">
         <name>.debug_abbrev</name>
         <load_address>0x1ac8</load_address>
         <run_address>0x1ac8</run_address>
         <size>0x24</size>
         <input_file_ref idref="fl-e4"/>
      </object_component>
      <object_component id="oc-aa">
         <name>.debug_abbrev</name>
         <load_address>0x1aec</load_address>
         <run_address>0x1aec</run_address>
         <size>0x24</size>
         <input_file_ref idref="fl-e4"/>
      </object_component>
      <object_component id="oc-11b">
         <name>.debug_abbrev</name>
         <load_address>0x1b10</load_address>
         <run_address>0x1b10</run_address>
         <size>0x37</size>
         <input_file_ref idref="fl-e5"/>
      </object_component>
      <object_component id="oc-3b">
         <name>.debug_abbrev</name>
         <load_address>0x1b47</load_address>
         <run_address>0x1b47</run_address>
         <size>0x6f</size>
         <input_file_ref idref="fl-e5"/>
      </object_component>
      <object_component id="oc-3e">
         <name>.debug_abbrev</name>
         <load_address>0x1bb6</load_address>
         <run_address>0x1bb6</run_address>
         <size>0x24</size>
         <input_file_ref idref="fl-e5"/>
      </object_component>
      <object_component id="oc-118">
         <name>.debug_abbrev</name>
         <load_address>0x1bda</load_address>
         <run_address>0x1bda</run_address>
         <size>0x35</size>
         <input_file_ref idref="fl-e5"/>
      </object_component>
      <object_component id="oc-a3">
         <name>.debug_abbrev</name>
         <load_address>0x1c0f</load_address>
         <run_address>0x1c0f</run_address>
         <size>0x24</size>
         <input_file_ref idref="fl-e5"/>
      </object_component>
      <object_component id="oc-76">
         <name>.debug_abbrev</name>
         <load_address>0x1c33</load_address>
         <run_address>0x1c33</run_address>
         <size>0x29</size>
         <input_file_ref idref="fl-e6"/>
      </object_component>
      <object_component id="oc-cb">
         <name>.debug_abbrev</name>
         <load_address>0x1c5c</load_address>
         <run_address>0x1c5c</run_address>
         <size>0x55</size>
         <input_file_ref idref="fl-e6"/>
      </object_component>
      <object_component id="oc-1f8">
         <name>.debug_abbrev</name>
         <load_address>0x1cb1</load_address>
         <run_address>0x1cb1</run_address>
         <size>0xc0</size>
         <input_file_ref idref="fl-e8"/>
      </object_component>
      <object_component id="oc-1b8">
         <name>.debug_abbrev</name>
         <load_address>0x1d71</load_address>
         <run_address>0x1d71</run_address>
         <size>0x7e</size>
         <input_file_ref idref="fl-e8"/>
      </object_component>
      <object_component id="oc-1fc">
         <name>.debug_abbrev</name>
         <load_address>0x1def</load_address>
         <run_address>0x1def</run_address>
[...]
         <name>__TI_Handler_Table_Limit</name>
         <value>0x20fc</value>
      </symbol>
      <symbol id="sm-8">
         <name>binit</name>
         <value>0xffffffff</value>
      </symbol>
      <symbol id="sm-9">
         <name>__binit__</name>
         <value>0xffffffff</value>
      </symbol>
      <symbol id="sm-a">
         <name>__STACK_SIZE</name>
         <value>0x200</value>
      </symbol>
      <symbol id="sm-b">
         <name>__STACK_END</name>
         <value>0x20006390</value>
      </symbol>
      <symbol id="sm-c">
         <name>__c_args__</name>
         <value>0xffffffff</value>
      </symbol>
      <symbol id="sm-d">
         <name>__TI_pprof_out_hndl</name>
         <value>0xffffffff</value>
      </symbol>
      <symbol id="sm-e">
         <name>__TI_prof_data_start</name>
         <value>0xffffffff</value>
      </symbol>
      <symbol id="sm-f">
         <name>__TI_prof_data_size</name>
         <value>0xffffffff</value>
      </symbol>
      <symbol id="sm-56">
         <name>ResetISR</name>
         <value>0x20c7</value>
         <object_component_ref idref="oc-27"/>
      </symbol>
      <symbol id="sm-57">
         <name>g_pfnVectors</name>
         <value>0x0</value>
         <object_component_ref idref="oc-12"/>
      </symbol>
      <symbol id="sm-af">
         <name>uxListRemove</name>
         <value>0x1eef</value>
         <object_component_ref idref="oc-da"/>
      </symbol>
      <symbol id="sm-b0">
         <name>vListInsert</name>
         <value>0x1e9b</value>
         <object_component_ref idref="oc-da"/>
      </symbol>
      <symbol id="sm-b1">
         <name>vListInitialiseItem</name>
         <value>0x1ed3</value>
         <object_component_ref idref="oc-da"/>
      </symbol>
      <symbol id="sm-b2">
         <name>vListInsertEnd</name>
         <value>0x1e83</value>
         <object_component_ref idref="oc-da"/>
      </symbol>
      <symbol id="sm-b3">
         <name>vListInitialise</name>
         <value>0x1ed9</value>
         <object_component_ref idref="oc-da"/>
      </symbol>
      <symbol id="sm-12f">
         <name>xQueuePeekFromISR</name>
         <value>0x12f5</value>
         <object_component_ref idref="oc-191"/>
      </symbol>
      <symbol id="sm-130">
         <name>xQueueIsQueueEmptyFromISR</name>
         <value>0x1423</value>
         <object_component_ref idref="oc-191"/>
      </symbol>
      <symbol id="sm-131">
         <name>xQueueGenericSendFromISR</name>
         <value>0x14d7</value>
         <object_component_ref idref="oc-191"/>
      </symbol>
      <symbol id="sm-132">
         <name>uxQueueMessagesWaiting</name>
         <value>0x1739</value>
         <object_component_ref idref="oc-191"/>
      </symbol>
      <symbol id="sm-133">
         <name>xQueueIsQueueFullFromISR</name>
         <value>0x1415</value>
         <object_component_ref idref="oc-191"/>
      </symbol>
      <symbol id="sm-134">
         <name>xQueueGenericCreate</name>
         <value>0x16a3</value>
         <object_component_ref idref="oc-191"/>
      </symbol>
      <symbol id="sm-135">
         <name>xQueueGenericSend</name>
         <value>0x1535</value>
         <object_component_ref idref="oc-191"/>
      </symbol>
      <symbol id="sm-136">
         <name>xQueueGenericReset</name>
         <value>0x1631</value>
         <object_component_ref idref="oc-191"/>
      </symbol>
      <symbol id="sm-137">
         <name>xQueueReceiveFromISR</name>
         <value>0x11a9</value>
         <object_component_ref idref="oc-191"/>
      </symbol>
      <symbol id="sm-138">
         <name>uxQueueSpacesAvailable</name>
         <value>0x171f</value>
         <object_component_ref idref="oc-191"/>
      </symbol>
      <symbol id="sm-139">
         <name>xQueueSemaphoreTake</name>
         <value>0x10a5</value>
         <object_component_ref idref="oc-191"/>
      </symbol>
      <symbol id="sm-13a">
         <name>xQueueGiveFromISR</name>
         <value>0x142f</value>
         <object_component_ref idref="oc-191"/>
      </symbol>
      <symbol id="sm-13b">
         <name>uxQueueMessagesWaitingFromISR</name>
         <value>0x1735</value>
         <object_component_ref idref="oc-191"/>
      </symbol>
      <symbol id="sm-13c">
         <name>vQueueWaitForMessageRestricted</name>
         <value>0x16d3</value>
         <object_component_ref idref="oc-191"/>
      </symbol>
      <symbol id="sm-13d">
         <name>vQueueDelete</name>
         <value>0x171b</value>
         <object_component_ref idref="oc-191"/>
      </symbol>
      <symbol id="sm-13e">
         <name>xQueuePeek</name>
         <value>0x1327</value>
         <object_component_ref idref="oc-191"/>
      </symbol>
      <symbol id="sm-13f">
         <name>xQueueReceive</name>
         <value>0x1205</value>
         <object_component_ref idref="oc-191"/>
      </symbol>
      <symbol id="sm-282">
         <name>vTaskDelay</name>
         <value>0xe95</value>
         <object_component_ref idref="oc-7f"/>
      </symbol>
      <symbol id="sm-283">
         <name>vTaskSuspendAll</name>
         <value>0xa2d</value>
         <object_component_ref idref="oc-7f"/>
      </symbol>
      <symbol id="sm-284">
         <name>vTaskPlaceOnEventList</name>
         <value>0xcd5</value>
         <object_component_ref idref="oc-7f"/>
      </symbol>
      <symbol id="sm-285">
         <name>pvTaskGetThreadLocalStoragePointer</name>
         <value>0xf8f</value>
         <object_component_ref idref="oc-7f"/>
      </symbol>
      <symbol id="sm-286">
         <name>uxTaskPriorityGetFromISR</name>
         <value>0xed3</value>
         <object_component_ref idref="oc-7f"/>
      </symbol>
      <symbol id="sm-287">
         <name>ulTaskNotifyTake</name>
         <value>0xf33</value>
         <object_component_ref idref="oc-7f"/>
      </symbol>
      <symbol id="sm-288">
         <name>pcTaskGetName</name>
         <value>0xfff</value>
         <object_component_ref idref="oc-7f"/>
      </symbol>
      <symbol id="sm-289">
         <name>xTaskCheckForTimeOut</name>
         <value>0x989</value>
         <object_component_ref idref="oc-7f"/>
      </symbol>
      <symbol id="sm-28a">
         <name>vTaskRemoveFromUnorderedEventList</name>
         <value>0xbaf</value>
         <object_component_ref idref="oc-7f"/>
      </symbol>
      <symbol id="sm-28b">
         <name>vTaskPrioritySet</name>
         <value>0xbfd</value>
         <object_component_ref idref="oc-7f"/>
      </symbol>
      <symbol id="sm-28c">
         <name>vTaskStartScheduler</name>
         <value>0xac5</value>
         <object_component_ref idref="oc-7f"/>
      </symbol>
      <symbol id="sm-28d">
         <name>vTaskInternalSetTimeOutState</name>
         <value>0x971</value>
         <object_component_ref idref="oc-7f"/>
      </symbol>
      <symbol id="sm-28e">
         <name>xTaskNotifyStateClear</name>
         <value>0x5f5</value>
         <object_component_ref idref="oc-7f"/>
      </symbol>
      <symbol id="sm-28f">
         <name>uxTaskGetStackHighWaterMark</name>
         <value>0xf11</value>
         <object_component_ref idref="oc-7f"/>
      </symbol>
      <symbol id="sm-290">
         <name>vTaskSetThreadLocalStoragePointer</name>
         <value>0xb31</value>
         <object_component_ref idref="oc-7f"/>
      </symbol>
      <symbol id="sm-291">
         <name>xTaskGenericNotify</name>
         <value>0x719</value>
         <object_component_ref idref="oc-7f"/>
      </symbol>
      <symbol id="sm-292">
         <name>xTaskCreate</name>
         <value>0x895</value>
         <object_component_ref idref="oc-7f"/>
      </symbol>
      <symbol id="sm-293">
         <name>vTaskDelayUntil</name>
         <value>0xe35</value>
         <object_component_ref idref="oc-7f"/>
      </symbol>
      <symbol id="sm-294">
         <name>vTaskEndScheduler</name>
         <value>0xd81</value>
         <object_component_ref idref="oc-7f"/>
      </symbol>
      <symbol id="sm-295">
         <name>xTaskNotifyWait</name>
         <value>0x565</value>
         <object_component_ref idref="oc-7f"/>
      </symbol>
      <symbol id="sm-296">
         <name>vTaskMissedYield</name>
         <value>0xd73</value>
         <object_component_ref idref="oc-7f"/>
      </symbol>
      <symbol id="sm-297">
         <name>uxTaskGetNumberOfTasks</name>
         <value>0xf2d</value>
         <object_component_ref idref="oc-7f"/>
      </symbol>
      <symbol id="sm-298">
         <name>xTaskGenericNotifyFromISR</name>
         <value>0x669</value>
         <object_component_ref idref="oc-7f"/>
      </symbol>
      <symbol id="sm-299">
         <name>uxTaskPriorityGet</name>
         <value>0xef3</value>
         <object_component_ref idref="oc-7f"/>
      </symbol>
      <symbol id="sm-29a">
         <name>xTaskResumeAll</name>
         <value>0x3eb</value>
         <object_component_ref idref="oc-7f"/>
      </symbol>
      <symbol id="sm-29b">
         <name>xTaskGetTickCount</name>
         <value>0x627</value>
         <object_component_ref idref="oc-7f"/>
      </symbol>
      <symbol id="sm-29c">
         <name>vTaskDelete</name>
         <value>0xdbd</value>
         <object_component_ref idref="oc-7f"/>
      </symbol>
      <symbol id="sm-29d">
         <name>pxCurrentTCB</name>
         <value>0x20006160</value>
         <object_component_ref idref="oc-79"/>
      </symbol>
      <symbol id="sm-29e">
         <name>vTaskNotifyGiveFromISR</name>
         <value>0xcf5</value>
         <object_component_ref idref="oc-7f"/>
      </symbol>
      <symbol id="sm-29f">
         <name>vTaskSuspend</name>
         <value>0xa3d</value>
         <object_component_ref idref="oc-7f"/>
      </symbol>
      <symbol id="sm-2a0">
         <name>xTaskGetTickCountFromISR</name>
         <value>0x621</value>
         <object_component_ref idref="oc-7f"/>
      </symbol>
      <symbol id="sm-2a1">
         <name>vTaskResume</name>
         <value>0xb51</value>
         <object_component_ref idref="oc-7f"/>
      </symbol>
      <symbol id="sm-2a2">
         <name>vTaskPlaceOnEventListRestricted</name>
         <value>0xcb1</value>
         <object_component_ref idref="oc-7f"/>
      </symbol>
      <symbol id="sm-2a3">
         <name>vTaskSetTimeOutState</name>
         <value>0xb17</value>
         <object_component_ref idref="oc-7f"/>
      </symbol>
      <symbol id="sm-2a4">
         <name>xTaskIncrementTick</name>
         <value>0x31b</value>
         <object_component_ref idref="oc-7f"/>
      </symbol>
      <symbol id="sm-2a5">
         <name>vTaskSwitchContext</name>
         <value>0x9d5</value>
         <object_component_ref idref="oc-7f"/>
      </symbol>
      <symbol id="sm-2a6">
         <name>uxTaskResetEventItemValue</name>
         <value>0xebf</value>
         <object_component_ref idref="oc-7f"/>
      </symbol>
      <symbol id="sm-2a7">
         <name>xTaskGetSchedulerState</name>
         <value>0x635</value>
         <object_component_ref idref="oc-7f"/>
      </symbol>
      <symbol id="sm-2a8">
         <name>xTaskResumeFromISR</name>
         <value>0x28d</value>
         <object_component_ref idref="oc-7f"/>
      </symbol>
      <symbol id="sm-2a9">
         <name>xTaskGetCurrentTaskHandle</name>
         <value>0x64d</value>
         <object_component_ref idref="oc-7f"/>
      </symbol>
      <symbol id="sm-2aa">
         <name>vTaskPlaceOnUnorderedEventList</name>
         <value>0xc91</value>
         <object_component_ref idref="oc-7f"/>
      </symbol>
      <symbol id="sm-2ab">
         <name>xTaskRemoveFromEventList</name>
         <value>0x4a9</value>
         <object_component_ref idref="oc-7f"/>
      </symbol>
      <symbol id="sm-313">
         <name>xTimerGetTimerDaemonTaskHandle</name>
         <value>0x176d</value>
         <object_component_ref idref="oc-ec"/>
      </symbol>
      <symbol id="sm-314">
         <name>pcTimerGetName</name>
         <value>0x1b05</value>
         <object_component_ref idref="oc-ec"/>
      </symbol>
      <symbol id="sm-315">
         <name>xTimerCreateTimerTask</name>
         <value>0x17f3</value>
         <object_component_ref idref="oc-ec"/>
      </symbol>
      <symbol id="sm-316">
         <name>xTimerGetExpiryTime</name>
         <value>0x1777</value>
         <object_component_ref idref="oc-ec"/>
      </symbol>
      <symbol id="sm-317">
         <name>xTimerIsTimerActive</name>
         <value>0x1751</value>
         <object_component_ref idref="oc-ec"/>
      </symbol>
      <symbol id="sm-318">
         <name>xTimerGetPeriod</name>
         <value>0x1773</value>
         <object_component_ref idref="oc-ec"/>
      </symbol>
      <symbol id="sm-319">
         <name>xTimerCreate</name>
         <value>0x181f</value>
         <object_component_ref idref="oc-ec"/>
      </symbol>
      <symbol id="sm-31a">
         <name>vTimerSetReloadMode</name>
         <value>0x1879</value>
         <object_component_ref idref="oc-ec"/>
      </symbol>
      <symbol id="sm-31b">
         <name>xTimerGenericCommand</name>
         <value>0x177b</value>
         <object_component_ref idref="oc-ec"/>
      </symbol>
      <symbol id="sm-31c">
         <name>pvTimerGetTimerID</name>
         <value>0x18a1</value>
         <object_component_ref idref="oc-ec"/>
      </symbol>
      <symbol id="sm-31d">
         <name>vTimerSetTimerID</name>
         <value>0x1867</value>
         <object_component_ref idref="oc-ec"/>
      </symbol>
      <symbol id="sm-347">
         <name>ulMaxSyscallInterruptPriority</name>
         <value>0x20dc</value>
         <object_component_ref idref="oc-7c"/>
      </symbol>
      <symbol id="sm-348">
         <name>vPortSetupTimerInterrupt</name>
         <value>0x1c4b</value>
         <object_component_ref idref="oc-32"/>
      </symbol>
      <symbol id="sm-349">
         <name>vPortEndScheduler</name>
         <value>0x1cbf</value>
         <object_component_ref idref="oc-32"/>
      </symbol>
      <symbol id="sm-34a">
         <name>xPortSysTickHandler</name>
         <value>0x1c25</value>
         <object_component_ref idref="oc-32"/>
      </symbol>
      <symbol id="sm-34b">
         <name>pxPortInitialiseStack</name>
         <value>0x1cc1</value>
         <object_component_ref idref="oc-32"/>
      </symbol>
      <symbol id="sm-34c">
         <name>vPortExitCritical</name>
         <value>0x1c95</value>
         <object_component_ref idref="oc-32"/>
      </symbol>
      <symbol id="sm-34d">
         <name>xPortStartScheduler</name>
         <value>0x1c5d</value>
         <object_component_ref idref="oc-32"/>
      </symbol>
      <symbol id="sm-34e">
         <name>vPortEnterCritical</name>
         <value>0x1ca7</value>
         <object_component_ref idref="oc-32"/>
      </symbol>
      <symbol id="sm-35d">
         <name>vPortStartFirstTask</name>
         <value>0x1db5</value>
         <object_component_ref idref="oc-2d"/>
      </symbol>
      <symbol id="sm-35e">
         <name>ulPortGetIPSR</name>
         <value>0x1d1d</value>
         <object_component_ref idref="oc-2d"/>
      </symbol>
      <symbol id="sm-35f">
         <name>vPortEnableVFP</name>
         <value>0x1dd9</value>
         <object_component_ref idref="oc-2d"/>
      </symbol>
      <symbol id="sm-360">
         <name>xPortPendSVHandler</name>
         <value>0x1d35</value>
         <object_component_ref idref="oc-2d"/>
      </symbol>
      <symbol id="sm-361">
         <name>vPortSVCHandler</name>
         <value>0x1d95</value>
         <object_component_ref idref="oc-2d"/>
      </symbol>
      <symbol id="sm-390">
         <name>vPortInitialiseBlocks</name>
         <value>0x1b23</value>
         <object_component_ref idref="oc-e6"/>
      </symbol>
      <symbol id="sm-391">
         <name>xPortGetFreeHeapSize</name>
         <value>0x1b1d</value>
         <object_component_ref idref="oc-e6"/>
      </symbol>
      <symbol id="sm-392">
         <name>pvPortMalloc</name>
         <value>0x1b63</value>
         <object_component_ref idref="oc-e6"/>
      </symbol>
      <symbol id="sm-393">
         <name>vPortFree</name>
         <value>0x1b25</value>
         <object_component_ref idref="oc-e6"/>
      </symbol>
      <symbol id="sm-3a6">
         <name>main</name>
         <value>0x2071</value>
         <object_component_ref idref="oc-c2"/>
      </symbol>
      <symbol id="sm-3d8">
         <name>memcpy</name>
         <value>0x1de7</value>
         <object_component_ref idref="oc-46"/>
      </symbol>
      <symbol id="sm-3d9">
         <name>__aeabi_memcpy</name>
         <value>0x1de7</value>
         <object_component_ref idref="oc-46"/>
      </symbol>
      <symbol id="sm-3da">
         <name>__aeabi_memcpy8</name>
         <value>0x1de7</value>
         <object_component_ref idref="oc-46"/>
      </symbol>
      <symbol id="sm-3db">
         <name>__aeabi_memcpy4</name>
         <value>0x1de7</value>
         <object_component_ref idref="oc-46"/>
      </symbol>
      <symbol id="sm-3eb">
         <name>__aeabi_memset</name>
         <value>0x1f17</value>
         <object_component_ref idref="oc-b6"/>
      </symbol>
      <symbol id="sm-3ec">
         <name>memset</name>
         <value>0x1f1d</value>
         <object_component_ref idref="oc-b6"/>
      </symbol>
      <symbol id="sm-3ed">
         <name>__aeabi_memset8</name>
         <value>0x1f17</value>
         <object_component_ref idref="oc-b6"/>
      </symbol>
      <symbol id="sm-3ee">
         <name>__aeabi_memset4</name>
         <value>0x1f17</value>
         <object_component_ref idref="oc-b6"/>
      </symbol>
      <symbol id="sm-3ef">
         <name>__aeabi_memclr8</name>
         <value>0x1f15</value>
         <object_component_ref idref="oc-b6"/>
      </symbol>
      <symbol id="sm-3f0">
         <name>__aeabi_memclr4</name>
         <value>0x1f15</value>
         <object_component_ref idref="oc-b6"/>
      </symbol>
      <symbol id="sm-3f1">
         <name>__aeabi_memclr</name>
         <value>0x1f15</value>
         <object_component_ref idref="oc-b6"/>
      </symbol>
      <symbol id="sm-405">
         <name>__TI_zero_init_nomemset</name>
         <value>0x209d</value>
         <object_component_ref idref="oc-52"/>
      </symbol>
      <symbol id="sm-41c">
         <name>__TI_decompress_none</name>
         <value>0x20b9</value>
         <object_component_ref idref="oc-1b"/>
      </symbol>
      <symbol id="sm-43f">
         <name>__TI_decompress_lzss</name>
         <value>0x1f8f</value>
         <object_component_ref idref="oc-15"/>
      </symbol>
      <symbol id="sm-452">
         <name>__stack</name>
         <value>0x20006190</value>
         <object_component_ref idref="oc-24"/>
      </symbol>
      <symbol id="sm-453">
         <name>_c_int00_noargs</name>
         <value>0x203d</value>
         <object_component_ref idref="oc-64"/>
      </symbol>
      <symbol id="sm-47c">
         <name>__TI_auto_init_nobinit_nopinit</name>
         <value>0x1ff9</value>
         <object_component_ref idref="oc-138"/>
      </symbol>
      <symbol id="sm-486">
         <name>_system_pre_init</name>
         <value>0x20d3</value>
         <object_component_ref idref="oc-bc"/>
      </symbol>
      <symbol id="sm-492">
         <name>C$$EXIT</name>
         <value>0x20d7</value>
         <object_component_ref idref="oc-12c"/>
      </symbol>
      <symbol id="sm-493">
         <name>abort</name>
         <value>0x20d7</value>
         <object_component_ref idref="oc-12c"/>
      </symbol>
      <symbol id="sm-496">
         <name>__TI_static_base__</name>
         <value>0x0</value>
      </symbol>
      <symbol id="sm-499">
         <name>__mpu_init</name>
         <value>0x0</value>
      </symbol>
      <symbol id="sm-49a">
         <name>_system_post_cinit</name>
         <value>0x0</value>
      </symbol>
   </symbol_table>
   <title>Link successful</title>
</link_info>
